Archive member included to satisfy reference by file (symbol)

/usr/lib/gcc/arm-none-eabi/14.2.0/thumb/v6-m/nofp/libgcc.a(_dvmd_tls.o)
                              CMakeFiles/c_rtos.dir/__/lib/pico-sdk/src/rp2_common/pico_divider/divider.S.obj (__aeabi_idiv0)
/usr/lib/gcc/arm-none-eabi/14.2.0/../../../../arm-none-eabi/lib/thumb/v6-m/nofp/libc.a(libc_a-atexit.o)
                              /usr/lib/gcc/arm-none-eabi/14.2.0/../../../../arm-none-eabi/lib/thumb/v6-m/nofp/crt0.o (atexit)
/usr/lib/gcc/arm-none-eabi/14.2.0/../../../../arm-none-eabi/lib/thumb/v6-m/nofp/libc.a(libc_a-calloc.o)
                              CMakeFiles/c_rtos.dir/__/lib/pico-sdk/src/rp2_common/pico_malloc/pico_malloc.c.obj (calloc)
/usr/lib/gcc/arm-none-eabi/14.2.0/../../../../arm-none-eabi/lib/thumb/v6-m/nofp/libc.a(libc_a-callocr.o)
                              /usr/lib/gcc/arm-none-eabi/14.2.0/../../../../arm-none-eabi/lib/thumb/v6-m/nofp/libc.a(libc_a-calloc.o) (_calloc_r)
/usr/lib/gcc/arm-none-eabi/14.2.0/../../../../arm-none-eabi/lib/thumb/v6-m/nofp/libc.a(libc_a-malloc.o)
                              CMakeFiles/c_rtos.dir/__/lib/pico-sdk/src/rp2_common/pico_malloc/pico_malloc.c.obj (malloc)
/usr/lib/gcc/arm-none-eabi/14.2.0/../../../../arm-none-eabi/lib/thumb/v6-m/nofp/libc.a(libc_a-mallocr.o)
                              /usr/lib/gcc/arm-none-eabi/14.2.0/../../../../arm-none-eabi/lib/thumb/v6-m/nofp/libc.a(libc_a-callocr.o) (_malloc_r)
/usr/lib/gcc/arm-none-eabi/14.2.0/../../../../arm-none-eabi/lib/thumb/v6-m/nofp/libc.a(libc_a-mlock.o)
                              /usr/lib/gcc/arm-none-eabi/14.2.0/../../../../arm-none-eabi/lib/thumb/v6-m/nofp/libc.a(libc_a-mallocr.o) (__malloc_lock)
/usr/lib/gcc/arm-none-eabi/14.2.0/../../../../arm-none-eabi/lib/thumb/v6-m/nofp/libc.a(libc_a-realloc.o)
                              CMakeFiles/c_rtos.dir/__/lib/pico-sdk/src/rp2_common/pico_malloc/pico_malloc.c.obj (realloc)
/usr/lib/gcc/arm-none-eabi/14.2.0/../../../../arm-none-eabi/lib/thumb/v6-m/nofp/libc.a(libc_a-reallocr.o)
                              /usr/lib/gcc/arm-none-eabi/14.2.0/../../../../arm-none-eabi/lib/thumb/v6-m/nofp/libc.a(libc_a-realloc.o) (_realloc_r)
/usr/lib/gcc/arm-none-eabi/14.2.0/../../../../arm-none-eabi/lib/thumb/v6-m/nofp/libc.a(libc_a-memmove.o)
                              /usr/lib/gcc/arm-none-eabi/14.2.0/../../../../arm-none-eabi/lib/thumb/v6-m/nofp/libc.a(libc_a-reallocr.o) (memmove)
/usr/lib/gcc/arm-none-eabi/14.2.0/../../../../arm-none-eabi/lib/thumb/v6-m/nofp/libc.a(libc_a-impure.o)
                              /usr/lib/gcc/arm-none-eabi/14.2.0/../../../../arm-none-eabi/lib/thumb/v6-m/nofp/libc.a(libc_a-calloc.o) (_impure_ptr)
/usr/lib/gcc/arm-none-eabi/14.2.0/../../../../arm-none-eabi/lib/thumb/v6-m/nofp/libc.a(libc_a-sbrkr.o)
                              /usr/lib/gcc/arm-none-eabi/14.2.0/../../../../arm-none-eabi/lib/thumb/v6-m/nofp/libc.a(libc_a-mallocr.o) (_sbrk_r)
/usr/lib/gcc/arm-none-eabi/14.2.0/../../../../arm-none-eabi/lib/thumb/v6-m/nofp/libc.a(libc_a-errno.o)
                              /usr/lib/gcc/arm-none-eabi/14.2.0/../../../../arm-none-eabi/lib/thumb/v6-m/nofp/libc.a(libc_a-callocr.o) (__errno)
/usr/lib/gcc/arm-none-eabi/14.2.0/../../../../arm-none-eabi/lib/thumb/v6-m/nofp/libc.a(libc_a-init.o)
                              /usr/lib/gcc/arm-none-eabi/14.2.0/../../../../arm-none-eabi/lib/thumb/v6-m/nofp/crt0.o (__libc_init_array)
/usr/lib/gcc/arm-none-eabi/14.2.0/../../../../arm-none-eabi/lib/thumb/v6-m/nofp/libc.a(libc_a-fini.o)
                              /usr/lib/gcc/arm-none-eabi/14.2.0/../../../../arm-none-eabi/lib/thumb/v6-m/nofp/crt0.o (__libc_fini_array)
/usr/lib/gcc/arm-none-eabi/14.2.0/../../../../arm-none-eabi/lib/thumb/v6-m/nofp/libc.a(libc_a-lock.o)
                              /usr/lib/gcc/arm-none-eabi/14.2.0/../../../../arm-none-eabi/lib/thumb/v6-m/nofp/libc.a(libc_a-mlock.o) (__retarget_lock_acquire_recursive)
/usr/lib/gcc/arm-none-eabi/14.2.0/../../../../arm-none-eabi/lib/thumb/v6-m/nofp/libc.a(libc_a-sysconf.o)
                              /usr/lib/gcc/arm-none-eabi/14.2.0/../../../../arm-none-eabi/lib/thumb/v6-m/nofp/libc.a(libc_a-mallocr.o) (sysconf)
/usr/lib/gcc/arm-none-eabi/14.2.0/../../../../arm-none-eabi/lib/thumb/v6-m/nofp/libc.a(libc_a-strlen-stub.o)
                              CMakeFiles/c_rtos.dir/__/lib/pico-sdk/src/rp2_common/pico_stdio/stdio.c.obj (strlen)
/usr/lib/gcc/arm-none-eabi/14.2.0/../../../../arm-none-eabi/lib/thumb/v6-m/nofp/libc.a(libc_a-__atexit.o)
                              /usr/lib/gcc/arm-none-eabi/14.2.0/../../../../arm-none-eabi/lib/thumb/v6-m/nofp/libc.a(libc_a-atexit.o) (__register_exitproc)
/usr/lib/gcc/arm-none-eabi/14.2.0/../../../../arm-none-eabi/lib/thumb/v6-m/nofp/libc.a(libc_a-__call_atexit.o)
                              /usr/lib/gcc/arm-none-eabi/14.2.0/../../../../arm-none-eabi/lib/thumb/v6-m/nofp/libc.a(libc_a-__atexit.o) (__atexit_recursive_mutex)
[...]
Memory Configuration

Name             Origin             Length             Attributes
FLASH            0x10000000         0x00200000         xr
RAM              0x20000000         0x00040000         xrw
SCRATCH_X        0x20040000         0x00001000         xrw
SCRATCH_Y        0x20041000         0x00001000         xrw
*default*        0x00000000         0xffffffff

Linker script and memory map

LOAD /usr/lib/gcc/arm-none-eabi/14.2.0/thumb/v6-m/nofp/crti.o
LOAD /usr/lib/gcc/arm-none-eabi/14.2.0/thumb/v6-m/nofp/crtbegin.o
LOAD /usr/lib/gcc/arm-none-eabi/14.2.0/../../../../arm-none-eabi/lib/thumb/v6-m/nofp/crt0.o

.flash_begin    0x10000000        0x0
                0x10000000                        __flash_binary_start = .

.boot2          0x10000000      0x100
                0x10000000                        __boot2_start__ = .
 *(.boot2)
 .boot2         0x10000000      0x100 /tmp/ccc0o3r1.o
                0x10000100                        __boot2_end__ = .
                0x00000001                        ASSERT (((__boot2_end__ - __boot2_start__) == 0x100), ERROR: Pico second stage bootloader must be 256 bytes in size)

.text           0x10000100     0x6e90
                0x10000100                        __logical_binary_start = .
 *(.vectors)
 .vectors       0x10000100       0xd4 CMakeFiles/c_rtos.dir/__/lib/pico-sdk/src/rp2_common/pico_standard_link/crt0.S.obj
                0x10000100                __vectors
                0x10000100                __VECTOR_TABLE
                0x100001c0                isr_invalid
                0x100001c0                __default_isrs_start
                0x100001c2                isr_nmi
                0x100001c4                isr_hardfault
                0x100001c6                isr_svcall
                0x100001c8                isr_pendsv
                0x100001ca                isr_systick
                0x100001cc                isr_irq30
                0x100001cc                __unhandled_user_irq
                0x100001cc                isr_irq13
                0x100001cc                isr_irq27
                0x100001cc                isr_irq31
                0x100001cc                isr_irq5
                0x100001cc                isr_irq11
                0x100001cc                isr_irq23
                0x100001cc                isr_irq18
                0x100001cc                isr_irq28
                0x100001cc                isr_irq19
                0x100001cc                isr_irq0
                0x100001cc                isr_irq6
                0x100001cc                isr_irq22
                0x100001cc                isr_irq17
                0x100001cc                isr_irq14
                0x100001cc                isr_irq2
                0x100001cc                isr_irq10
                0x100001cc                isr_irq8
                0x100001cc                isr_irq24
                0x100001cc                isr_irq1
                0x100001cc                isr_irq7
                0x100001cc                isr_irq21
                0x100001cc                isr_irq20
                0x100001cc                isr_irq15
                0x100001cc                isr_irq25
                0x100001cc                isr_irq4
                0x100001cc                isr_irq16
                0x100001cc                isr_irq29
                0x100001cc                isr_irq26
                0x100001cc                __default_isrs_end
                0x100001cc                isr_irq3
                0x100001cc                isr_irq12
                0x100001cc                isr_irq9
                0x100001d2                unhandled_user_irq_num_in_r0
 *(.binary_info_header)
 .binary_info_header
                0x100001d4       0x14 CMakeFiles/c_rtos.dir/__/lib/pico-sdk/src/rp2_common/pico_standard_link/crt0.S.obj
                0x100001e8                        __binary_info_header_end = .
 *(.reset)
 .reset         0x100001e8       0xa0 CMakeFiles/c_rtos.dir/__/lib/pico-sdk/src/rp2_common/pico_standard_link/crt0.S.obj
                0x100001e8                _entry_point
 .reset         0x10000288       0x30 CMakeFiles/c_rtos.dir/__/lib/pico-sdk/src/rp2_common/pico_standard_link/binary_info.c.obj
 *(.init)
 .init          0x100002b8        0x4 /usr/lib/gcc/arm-none-eabi/14.2.0/thumb/v6-m/nofp/crti.o
                0x100002b8                _init
 *(EXCLUDE_FILE(*libm.a: *libc.a:*lib_a-mem*.o *libgcc.a:) .text*)
 .text.frame_dummy
                0x100002bc       0x20 /usr/lib/gcc/arm-none-eabi/14.2.0/thumb/v6-m/nofp/crtbegin.o
 .text.led_task
                0x100002dc       0x24 CMakeFiles/c_rtos.dir/main.c.obj
                0x100002dc                led_task
 .text.startup.main
                0x10000300       0x2c CMakeFiles/c_rtos.dir/main.c.obj
                0x10000300                main
 .text.running_on_fpga
                0x1000032c       0x10 CMakeFiles/c_rtos.dir/__/lib/pico-sdk/src/rp2_common/pico_platform/platform.c.obj
                0x1000032c                running_on_fpga
 .text.hw_claim_or_assert
                0x1000033c       0x44 CMakeFiles/c_rtos.dir/__/lib/pico-sdk/src/rp2_common/hardware_claim/claim.c.obj
                0x1000033c                hw_claim_or_assert
 .text.hw_claim_unused_from_range
                0x10000380       0x88 CMakeFiles/c_rtos.dir/__/lib/pico-sdk/src/rp2_common/hardware_claim/claim.c.obj
                0x10000380                hw_claim_unused_from_range
 .text.spin_locks_reset
                0x10000408       0x1c CMakeFiles/c_rtos.dir/__/lib/pico-sdk/src/rp2_common/hardware_sync/sync.c.obj
                0x10000408                spin_locks_reset
 .text.next_striped_spin_lock_num
                0x10000424       0x18 CMakeFiles/c_rtos.dir/__/lib/pico-sdk/src/rp2_common/hardware_sync/sync.c.obj
                0x10000424                next_striped_spin_lock_num
 .text.spin_lock_claim_unused
                0x1000043c       0x24 CMakeFiles/c_rtos.dir/__/lib/pico-sdk/src/rp2_common/hardware_sync/sync.c.obj
                0x1000043c                spin_lock_claim_unused
 .text.clocks_init
                0x10000460      0x2c8 CMakeFiles/c_rtos.dir/__/lib/pico-sdk/src/rp2_common/hardware_clocks/clocks.c.obj
                0x10000460                clocks_init
 .text.clock_get_hz
                0x10000728        0xc CMakeFiles/c_rtos.dir/__/lib/pico-sdk/src/rp2_common/hardware_clocks/clocks.c.obj
                0x10000728                clock_get_hz
 .text.gpio_set_function
                0x10000734       0x30 CMakeFiles/c_rtos.dir/__/lib/pico-sdk/src/rp2_common/hardware_gpio/gpio.c.obj
                0x10000734                gpio_set_function
 .text.gpio_init
                0x10000764       0x3c CMakeFiles/c_rtos.dir/__/lib/pico-sdk/src/rp2_common/hardware_gpio/gpio.c.obj
                0x10000764                gpio_init
 .text.irq_set_enabled
                0x100007a0       0x24 CMakeFiles/c_rtos.dir/__/lib/pico-sdk/src/rp2_common/hardware_irq/irq.c.obj
                0x100007a0                irq_set_enabled
 .text.irq_set_pending
                0x100007c4       0x10 CMakeFiles/c_rtos.dir/__/lib/pico-sdk/src/rp2_common/hardware_irq/irq.c.obj
                0x100007c4                irq_set_pending
 .text.irq_has_shared_handler
                0x100007d4       0x2c CMakeFiles/c_rtos.dir/__/lib/pico-sdk/src/rp2_common/hardware_irq/irq.c.obj
                0x100007d4                irq_has_shared_handler
 .text.irq_get_vtable_handler
                0x10000800       0x10 CMakeFiles/c_rtos.dir/__/lib/pico-sdk/src/rp2_common/hardware_irq/irq.c.obj
                0x10000800                irq_get_vtable_handler
 .text.irq_set_exclusive_handler
                0x10000810       0x54 CMakeFiles/c_rtos.dir/__/lib/pico-sdk/src/rp2_common/hardware_irq/irq.c.obj
                0x10000810                irq_set_exclusive_handler
 .text.irq_add_shared_handler
                0x10000864      0x1f4 CMakeFiles/c_rtos.dir/__/lib/pico-sdk/src/rp2_common/hardware_irq/irq.c.obj
                0x10000864                irq_add_shared_handler
 .text.irq_remove_handler
                0x10000a58      0x1bc CMakeFiles/c_rtos.dir/__/lib/pico-sdk/src/rp2_common/hardware_irq/irq.c.obj
                0x10000a58                irq_remove_handler
 .text.irq_set_priority
                0x10000c14       0x28 CMakeFiles/c_rtos.dir/__/lib/pico-sdk/src/rp2_common/hardware_irq/irq.c.obj
                0x10000c14                irq_set_priority
 .text.irq_add_tail_to_free_list
                0x10000c3c       0xb4 CMakeFiles/c_rtos.dir/__/lib/pico-sdk/src/rp2_common/hardware_irq/irq.c.obj
                0x10000c3c                irq_add_tail_to_free_list
 .text.irq_init_priorities
                0x10000cf0       0x24 CMakeFiles/c_rtos.dir/__/lib/pico-sdk/src/rp2_common/hardware_irq/irq.c.obj
                0x10000cf0                irq_init_priorities
 .text.user_irq_claim_unused
                0x10000d14       0x2c CMakeFiles/c_rtos.dir/__/lib/pico-sdk/src/rp2_common/hardware_irq/irq.c.obj
                0x10000d14                user_irq_claim_unused
 .text.lock_init
                0x10000d40       0x10 CMakeFiles/c_rtos.dir/__/lib/pico-sdk/src/common/pico_sync/lock_core.c.obj
                0x10000d40                lock_init
 .text.mutex_init
                0x10000d50       0x1c CMakeFiles/c_rtos.dir/__/lib/pico-sdk/src/common/pico_sync/mutex.c.obj
                0x10000d50                mutex_init
 .text.recursive_mutex_init
                0x10000d6c       0x20 CMakeFiles/c_rtos.dir/__/lib/pico-sdk/src/common/pico_sync/mutex.c.obj
                0x10000d6c                recursive_mutex_init
 .text.critical_section_init
                0x10000d8c       0x1c CMakeFiles/c_rtos.dir/__/lib/pico-sdk/src/common/pico_sync/critical_section.c.obj
                0x10000d8c                critical_section_init
 .text.critical_section_init_with_lock_num
                0x10000da8       0x14 CMakeFiles/c_rtos.dir/__/lib/pico-sdk/src/common/pico_sync/critical_section.c.obj
                0x10000da8                critical_section_init_with_lock_num
 .text.timer_pool_entry_comparator
                0x10000dbc       0x34 CMakeFiles/c_rtos.dir/__/lib/pico-sdk/src/common/pico_time/time.c.obj
                0x10000dbc                timer_pool_entry_comparator
 .text.sleep_until_callback
                0x10000df0       0x24 CMakeFiles/c_rtos.dir/__/lib/pico-sdk/src/common/pico_time/time.c.obj
 .text.add_alarm_under_lock.isra.0
                0x10000e14      0x100 CMakeFiles/c_rtos.dir/__/lib/pico-sdk/src/common/pico_time/time.c.obj
 .text.alarm_pool_alarm_callback
                0x10000f14      0x1a8 CMakeFiles/c_rtos.dir/__/lib/pico-sdk/src/common/pico_time/time.c.obj
 .text.alarm_pool_init_default
                0x100010bc       0x6c CMakeFiles/c_rtos.dir/__/lib/pico-sdk/src/common/pico_time/time.c.obj
                0x100010bc                alarm_pool_init_default
 .text.alarm_pool_get_default
                0x10001128        0x8 CMakeFiles/c_rtos.dir/__/lib/pico-sdk/src/common/pico_time/time.c.obj
                0x10001128                alarm_pool_get_default
 .text.alarm_pool_add_alarm_at
                0x10001130      0x174 CMakeFiles/c_rtos.dir/__/lib/pico-sdk/src/common/pico_time/time.c.obj
                0x10001130                alarm_pool_add_alarm_at
 .text.alarm_pool_core_num
                0x100012a4        0x4 CMakeFiles/c_rtos.dir/__/lib/pico-sdk/src/common/pico_time/time.c.obj
                0x100012a4                alarm_pool_core_num
 .text.best_effort_wfe_or_timeout
                0x100012a8       0xe0 CMakeFiles/c_rtos.dir/__/lib/pico-sdk/src/common/pico_time/time.c.obj
                0x100012a8                best_effort_wfe_or_timeout
 .text.hardware_alarm_irq_handler
                0x10001388       0xbc CMakeFiles/c_rtos.dir/__/lib/pico-sdk/src/rp2_common/hardware_timer/timer.c.obj
 .text.hardware_alarm_claim
                0x10001444       0x18 CMakeFiles/c_rtos.dir/__/lib/pico-sdk/src/rp2_common/hardware_timer/timer.c.obj
                0x10001444                hardware_alarm_claim
 .text.time_us_64
                0x1000145c       0x14 CMakeFiles/c_rtos.dir/__/lib/pico-sdk/src/rp2_common/hardware_timer/timer.c.obj
                0x1000145c                time_us_64
 .text.busy_wait_us
                0x10001470       0x68 CMakeFiles/c_rtos.dir/__/lib/pico-sdk/src/rp2_common/hardware_timer/timer.c.obj
                0x10001470                busy_wait_us
 .text.hardware_alarm_set_callback
                0x100014d8       0x8c CMakeFiles/c_rtos.dir/__/lib/pico-sdk/src/rp2_common/hardware_timer/timer.c.obj
                0x100014d8                hardware_alarm_set_callback
 .text.hardware_alarm_set_target
                0x10001564       0xd0 CMakeFiles/c_rtos.dir/__/lib/pico-sdk/src/rp2_common/hardware_timer/timer.c.obj
                0x10001564                hardware_alarm_set_target
 .text.hardware_alarm_cancel
                0x10001634       0x3c CMakeFiles/c_rtos.dir/__/lib/pico-sdk/src/rp2_common/hardware_timer/timer.c.obj
                0x10001634                hardware_alarm_cancel
 .text.ph_merge_nodes
                0x10001670       0x50 CMakeFiles/c_rtos.dir/__/lib/pico-sdk/src/common/pico_util/pheap.c.obj
 .text.ph_post_alloc_init
                0x100016c0       0x3c CMakeFiles/c_rtos.dir/__/lib/pico-sdk/src/common/pico_util/pheap.c.obj
                0x100016c0                ph_post_alloc_init
 .text.ph_merge_two_pass
                0x100016fc       0x88 CMakeFiles/c_rtos.dir/__/lib/pico-sdk/src/common/pico_util/pheap.c.obj
                0x100016fc                ph_merge_two_pass
 .text.ph_remove_any_head
                0x10001784      0x124 CMakeFiles/c_rtos.dir/__/lib/pico-sdk/src/common/pico_util/pheap.c.obj
 .text.ph_remove_head
                0x100018a8      0x128 CMakeFiles/c_rtos.dir/__/lib/pico-sdk/src/common/pico_util/pheap.c.obj
                0x100018a8                ph_remove_head
 .text.ph_remove_and_free_node
                0x100019d0       0x78 CMakeFiles/c_rtos.dir/__/lib/pico-sdk/src/common/pico_util/pheap.c.obj
                0x100019d0                ph_remove_and_free_node
 .text.pll_init
                0x10001a48       0xa4 CMakeFiles/c_rtos.dir/__/lib/pico-sdk/src/rp2_common/hardware_pll/pll.c.obj
                0x10001a48                pll_init
 .text.watchdog_start_tick
                0x10001aec       0x10 CMakeFiles/c_rtos.dir/__/lib/pico-sdk/src/rp2_common/hardware_watchdog/watchdog.c.obj
                0x10001aec                watchdog_start_tick
 .text.watchdog_reboot
                0x10001afc       0x9c CMakeFiles/c_rtos.dir/__/lib/pico-sdk/src/rp2_common/hardware_watchdog/watchdog.c.obj
                0x10001afc                watchdog_reboot
 .text.xosc_init
                0x10001b98       0x28 CMakeFiles/c_rtos.dir/__/lib/pico-sdk/src/rp2_common/hardware_xosc/xosc.c.obj
                0x10001b98                xosc_init
 .text.uart_init
                0x10001bc0      0x190 CMakeFiles/c_rtos.dir/__/lib/pico-sdk/src/rp2_common/hardware_uart/uart.c.obj
                0x10001bc0                uart_init
 .text.runtime_init
                0x10001d50       0xf0 CMakeFiles/c_rtos.dir/__/lib/pico-sdk/src/rp2_common/pico_runtime/runtime.c.obj
                0x10001d50                runtime_init
 .text._exit    0x10001e40        0x4 CMakeFiles/c_rtos.dir/__/lib/pico-sdk/src/rp2_common/pico_runtime/runtime.c.obj
                0x10001e40                _exit
 .text.exit     0x10001e44        0x8 CMakeFiles/c_rtos.dir/__/lib/pico-sdk/src/rp2_common/pico_runtime/runtime.c.obj
                0x10001e44                exit
 .text.panic    0x10001e4c       0x30 CMakeFiles/c_rtos.dir/__/lib/pico-sdk/src/rp2_common/pico_runtime/runtime.c.obj
                0x10001e4c                panic
 .text.panic_unsupported
                0x10001e7c        0xc CMakeFiles/c_rtos.dir/__/lib/pico-sdk/src/rp2_common/pico_runtime/runtime.c.obj
                0x10001e7c                panic_unsupported
 .text.hard_assertion_failure
                0x10001e88        0xc CMakeFiles/c_rtos.dir/__/lib/pico-sdk/src/rp2_common/pico_runtime/runtime.c.obj
                0x10001e88                hard_assertion_failure
 .text._out_char
                0x10001e94       0x10 CMakeFiles/c_rtos.dir/__/lib/pico-sdk/src/rp2_common/pico_printf/printf.c.obj
 .text.weak_raw_vprintf
                0x10001ea4       0x30 CMakeFiles/c_rtos.dir/__/lib/pico-sdk/src/rp2_common/pico_printf/printf.c.obj
                0x10001ea4                weak_raw_vprintf
 .text          0x10001ed4       0x10 CMakeFiles/c_rtos.dir/__/lib/pico-sdk/src/rp2_common/pico_bit_ops/bit_ops_aeabi.S.obj
 .text.rom_func_lookup
                0x10001ee4       0x10 CMakeFiles/c_rtos.dir/__/lib/pico-sdk/src/rp2_common/pico_bootrom/bootrom.c.obj
                0x10001ee4                rom_func_lookup
 .text.rom_data_lookup
                0x10001ef4       0x10 CMakeFiles/c_rtos.dir/__/lib/pico-sdk/src/rp2_common/pico_bootrom/bootrom.c.obj
                0x10001ef4                rom_data_lookup
 .text.rom_funcs_lookup
                0x10001f04       0x44 CMakeFiles/c_rtos.dir/__/lib/pico-sdk/src/rp2_common/pico_bootrom/bootrom.c.obj
                0x10001f04                rom_funcs_lookup
 .text.__wrap___aeabi_uidiv
                0x10001f48       0x4c CMakeFiles/c_rtos.dir/__/lib/pico-sdk/src/rp2_common/pico_divider/divider.S.obj
                0x10001f48                __wrap___aeabi_uidiv
                0x10001f48                __wrap___aeabi_uidivmod
                0x10001f48                div_u32u32
                0x10001f48                divmod_u32u32
                0x10001f50                divmod_u32u32_unsafe
                0x10001f78                divmod_u32u32_savestate
 .text.__wrap___aeabi_ldiv
                0x10001f94      0x424 CMakeFiles/c_rtos.dir/__/lib/pico-sdk/src/rp2_common/pico_divider/divider.S.obj
                0x10001f94                div_s64s64
                0x10001f94                divmod_s64s64
                0x10001f94                __wrap___aeabi_ldivmod
                0x10001fc4                div_u64u64
                0x10001fc4                divmod_u64u64
                0x10001fc4                __wrap___aeabi_uldivmod
                0x10001fd4                divmod_u64u64_savestate
                0x10001ff4                divmod_s64s64_unsafe
                0x1000207c                divmod_u64u64_unsafe
 .text.__aeabi_double_init
                0x100023b8       0x98 CMakeFiles/c_rtos.dir/__/lib/pico-sdk/src/rp2_common/pico_double/double_init_rom.c.obj
                0x100023b8                __aeabi_double_init
 .text.double_table_shim_on_use_helper
                0x10002450       0x2c CMakeFiles/c_rtos.dir/__/lib/pico-sdk/src/rp2_common/pico_double/double_v1_rom_shim.S.obj
                0x10002450                double_table_shim_on_use_helper
 .text.__aeabi_lmul
                0x1000247c       0x32 CMakeFiles/c_rtos.dir/__/lib/pico-sdk/src/rp2_common/pico_int64_ops/pico_int64_ops_aeabi.S.obj
                0x1000247c                __wrap___aeabi_lmul
 *fill*         0x100024ae        0x2 
 .text.__aeabi_float_init
                0x100024b0       0x64 CMakeFiles/c_rtos.dir/__/lib/pico-sdk/src/rp2_common/pico_float/float_init_rom.c.obj
                0x100024b0                __aeabi_float_init
 .text.float_table_shim_on_use_helper
                0x10002514       0x2c CMakeFiles/c_rtos.dir/__/lib/pico-sdk/src/rp2_common/pico_float/float_v1_rom_shim.S.obj
                0x10002514                float_table_shim_on_use_helper
 .text          0x10002540       0x10 CMakeFiles/c_rtos.dir/__/lib/pico-sdk/src/rp2_common/pico_mem_ops/mem_ops_aeabi.S.obj
                0x10002540                __aeabi_mem_init
 .text.memset   0x10002550        0xc CMakeFiles/c_rtos.dir/__/lib/pico-sdk/src/rp2_common/pico_mem_ops/mem_ops_aeabi.S.obj
                0x10002550                __wrap_memset
 .text.memcpy   0x1000255c        0xc CMakeFiles/c_rtos.dir/__/lib/pico-sdk/src/rp2_common/pico_mem_ops/mem_ops_aeabi.S.obj
                0x1000255c                __wrap___aeabi_memcpy
                0x1000255c                __wrap_memcpy
 .text.stdio_out_chars_crlf
                0x10002568       0xb0 CMakeFiles/c_rtos.dir/__/lib/pico-sdk/src/rp2_common/pico_stdio/stdio.c.obj
 .text.__wrap_putchar
                0x10002618       0x94 CMakeFiles/c_rtos.dir/__/lib/pico-sdk/src/rp2_common/pico_stdio/stdio.c.obj
                0x10002618                __wrap_putchar
 .text.__wrap_puts
                0x100026ac       0xd4 CMakeFiles/c_rtos.dir/__/lib/pico-sdk/src/rp2_common/pico_stdio/stdio.c.obj
                0x100026ac                __wrap_puts
 .text.stdio_set_driver_enabled
                0x10002780       0x30 CMakeFiles/c_rtos.dir/__/lib/pico-sdk/src/rp2_common/pico_stdio/stdio.c.obj
                0x10002780                stdio_set_driver_enabled
 .text.stdio_init_all
                0x100027b0       0x10 CMakeFiles/c_rtos.dir/__/lib/pico-sdk/src/rp2_common/pico_stdio/stdio.c.obj
                0x100027b0                stdio_init_all
 .text.stdio_uart_out_chars
                0x100027c0       0x4c CMakeFiles/c_rtos.dir/__/lib/pico-sdk/src/rp2_common/pico_stdio_uart/stdio_uart.c.obj
 .text.stdio_uart_in_chars
                0x1000280c       0x90 CMakeFiles/c_rtos.dir/__/lib/pico-sdk/src/rp2_common/pico_stdio_uart/stdio_uart.c.obj
                0x1000280c                stdio_uart_in_chars
 .text.on_uart_rx
                0x1000289c       0x28 CMakeFiles/c_rtos.dir/__/lib/pico-sdk/src/rp2_common/pico_stdio_uart/stdio_uart.c.obj
 .text.stdio_uart_set_chars_available_callback
                0x100028c4       0x8c CMakeFiles/c_rtos.dir/__/lib/pico-sdk/src/rp2_common/pico_stdio_uart/stdio_uart.c.obj
 .text.stdio_uart_init
                0x10002950       0x48 CMakeFiles/c_rtos.dir/__/lib/pico-sdk/src/rp2_common/pico_stdio_uart/stdio_uart.c.obj
                0x10002950                stdio_uart_init
 .text.resetd_init
                0x10002998        0x4 CMakeFiles/c_rtos.dir/__/lib/pico-sdk/src/rp2_common/pico_stdio_usb/reset_interface.c.obj
 .text.resetd_reset
                0x1000299c        0xc CMakeFiles/c_rtos.dir/__/lib/pico-sdk/src/rp2_common/pico_stdio_usb/reset_interface.c.obj
 .text.resetd_open
                0x100029a8       0x28 CMakeFiles/c_rtos.dir/__/lib/pico-sdk/src/rp2_common/pico_stdio_usb/reset_interface.c.obj
 .text.resetd_xfer_cb
                0x100029d0        0x4 CMakeFiles/c_rtos.dir/__/lib/pico-sdk/src/rp2_common/pico_stdio_usb/reset_interface.c.obj
 .text.resetd_control_xfer_cb
                0x100029d4       0x60 CMakeFiles/c_rtos.dir/__/lib/pico-sdk/src/rp2_common/pico_stdio_usb/reset_interface.c.obj
 .text.usbd_app_driver_get_cb
                0x10002a34        0xc CMakeFiles/c_rtos.dir/__/lib/pico-sdk/src/rp2_common/pico_stdio_usb/reset_interface.c.obj
                0x10002a34                usbd_app_driver_get_cb
 .text.tud_cdc_line_coding_cb
                0x10002a40       0x34 CMakeFiles/c_rtos.dir/__/lib/pico-sdk/src/rp2_common/pico_stdio_usb/reset_interface.c.obj
                0x10002a40                tud_cdc_line_coding_cb
 .text.stdio_usb_set_chars_available_callback
                0x10002a74       0x14 CMakeFiles/c_rtos.dir/__/lib/pico-sdk/src/rp2_common/pico_stdio_usb/stdio_usb.c.obj
                0x10002a74                stdio_usb_set_chars_available_callback
 .text.usb_irq  0x10002a88       0x10 CMakeFiles/c_rtos.dir/__/lib/pico-sdk/src/rp2_common/pico_stdio_usb/stdio_usb.c.obj
 .text.timer_task
                0x10002a98       0x54 CMakeFiles/c_rtos.dir/__/lib/pico-sdk/src/rp2_common/pico_stdio_usb/stdio_usb.c.obj
 .text.stdio_usb_in_chars
                0x10002aec       0x8c CMakeFiles/c_rtos.dir/__/lib/pico-sdk/src/rp2_common/pico_stdio_usb/stdio_usb.c.obj
                0x10002aec                stdio_usb_in_chars
 .text.stdio_usb_out_chars
                0x10002b78      0x100 CMakeFiles/c_rtos.dir/__/lib/pico-sdk/src/rp2_common/pico_stdio_usb/stdio_usb.c.obj
 .text.low_priority_worker_irq
                0x10002c78       0xa4 CMakeFiles/c_rtos.dir/__/lib/pico-sdk/src/rp2_common/pico_stdio_usb/stdio_usb.c.obj
 .text.tud_cdc_rx_cb
                0x10002d1c       0x20 CMakeFiles/c_rtos.dir/__/lib/pico-sdk/src/rp2_common/pico_stdio_usb/stdio_usb.c.obj
                0x10002d1c                tud_cdc_rx_cb
 .text.stdio_usb_init
                0x10002d3c       0xdc CMakeFiles/c_rtos.dir/__/lib/pico-sdk/src/rp2_common/pico_stdio_usb/stdio_usb.c.obj
                0x10002d3c                stdio_usb_init
 .text.tud_descriptor_device_cb
                0x10002e18        0x8 CMakeFiles/c_rtos.dir/__/lib/pico-sdk/src/rp2_common/pico_stdio_usb/stdio_usb_descriptors.c.obj
                0x10002e18                tud_descriptor_device_cb
 .text.tud_descriptor_configuration_cb
                0x10002e20        0x8 CMakeFiles/c_rtos.dir/__/lib/pico-sdk/src/rp2_common/pico_stdio_usb/stdio_usb_descriptors.c.obj
                0x10002e20                tud_descriptor_configuration_cb
 .text.tud_descriptor_string_cb
                0x10002e28       0x78 CMakeFiles/c_rtos.dir/__/lib/pico-sdk/src/rp2_common/pico_stdio_usb/stdio_usb_descriptors.c.obj
                0x10002e28                tud_descriptor_string_cb
 .text.startup._retrieve_unique_id_on_boot
                0x10002ea0       0x10 CMakeFiles/c_rtos.dir/__/lib/pico-sdk/src/rp2_common/pico_unique_id/unique_id.c.obj
 .text.pico_get_unique_board_id_string
                0x10002eb0      0x1a8 CMakeFiles/c_rtos.dir/__/lib/pico-sdk/src/rp2_common/pico_unique_id/unique_id.c.obj
                0x10002eb0                pico_get_unique_board_id_string
 .text.flash_get_unique_id
                0x10003058       0x3c CMakeFiles/c_rtos.dir/__/lib/pico-sdk/src/rp2_common/hardware_flash/flash.c.obj
                0x10003058                flash_get_unique_id
 .text.dcd_int_enable
                0x10003094        0xc CMakeFiles/c_rtos.dir/__/lib/pico-sdk/lib/tinyusb/src/portable/raspberrypi/rp2040/dcd_rp2040.c.obj
                0x10003094                dcd_int_enable
 .text.dcd_set_address
                0x100030a0       0x14 CMakeFiles/c_rtos.dir/__/lib/pico-sdk/lib/tinyusb/src/portable/raspberrypi/rp2040/dcd_rp2040.c.obj
                0x100030a0                dcd_set_address
 .text.dcd_connect
                0x100030b4       0x10 CMakeFiles/c_rtos.dir/__/lib/pico-sdk/lib/tinyusb/src/portable/raspberrypi/rp2040/dcd_rp2040.c.obj
                0x100030b4                dcd_connect
 .text.dcd_init
                0x100030c4       0x98 CMakeFiles/c_rtos.dir/__/lib/pico-sdk/lib/tinyusb/src/portable/raspberrypi/rp2040/dcd_rp2040.c.obj
                0x100030c4                dcd_init
 .text.dcd_edpt0_status_complete
                0x1000315c       0x1c CMakeFiles/c_rtos.dir/__/lib/pico-sdk/lib/tinyusb/src/portable/raspberrypi/rp2040/dcd_rp2040.c.obj
                0x1000315c                dcd_edpt0_status_complete
 .text.dcd_edpt_open
                0x10003178      0x108 CMakeFiles/c_rtos.dir/__/lib/pico-sdk/lib/tinyusb/src/portable/raspberrypi/rp2040/dcd_rp2040.c.obj
                0x10003178                dcd_edpt_open
 .text.dcd_edpt_close_all
                0x10003280        0x8 CMakeFiles/c_rtos.dir/__/lib/pico-sdk/lib/tinyusb/src/portable/raspberrypi/rp2040/dcd_rp2040.c.obj
                0x10003280                dcd_edpt_close_all
 .text.dcd_edpt_xfer
                0x10003288       0x24 CMakeFiles/c_rtos.dir/__/lib/pico-sdk/lib/tinyusb/src/portable/raspberrypi/rp2040/dcd_rp2040.c.obj
                0x10003288                dcd_edpt_xfer
 .text.dcd_edpt_stall
                0x100032ac       0x3c CMakeFiles/c_rtos.dir/__/lib/pico-sdk/lib/tinyusb/src/portable/raspberrypi/rp2040/dcd_rp2040.c.obj
                0x100032ac                dcd_edpt_stall
 .text.dcd_edpt_clear_stall
                0x100032e8       0x30 CMakeFiles/c_rtos.dir/__/lib/pico-sdk/lib/tinyusb/src/portable/raspberrypi/rp2040/dcd_rp2040.c.obj
                0x100032e8                dcd_edpt_clear_stall
 .text.rp2040_usb_init
                0x10003318       0x4c CMakeFiles/c_rtos.dir/__/lib/pico-sdk/lib/tinyusb/src/portable/raspberrypi/rp2040/rp2040_usb.c.obj
                0x10003318                rp2040_usb_init
 .text.hw_endpoint_xfer_start
                0x10003364       0x40 CMakeFiles/c_rtos.dir/__/lib/pico-sdk/lib/tinyusb/src/portable/raspberrypi/rp2040/rp2040_usb.c.obj
                0x10003364                hw_endpoint_xfer_start
 .text.tud_mounted
                0x100033a4       0x10 CMakeFiles/c_rtos.dir/__/lib/pico-sdk/lib/tinyusb/src/device/usbd.c.obj
                0x100033a4                tud_mounted
 .text.tud_suspended
                0x100033b4       0x10 CMakeFiles/c_rtos.dir/__/lib/pico-sdk/lib/tinyusb/src/device/usbd.c.obj
                0x100033b4                tud_suspended
 .text.tud_inited
                0x100033c4       0x14 CMakeFiles/c_rtos.dir/__/lib/pico-sdk/lib/tinyusb/src/device/usbd.c.obj
                0x100033c4                tud_inited
 .text.tud_init
                0x100033d8       0xd4 CMakeFiles/c_rtos.dir/__/lib/pico-sdk/lib/tinyusb/src/device/usbd.c.obj
                0x100033d8                tud_init
 .text.tud_task_ext
                0x100034ac      0x850 CMakeFiles/c_rtos.dir/__/lib/pico-sdk/lib/tinyusb/src/device/usbd.c.obj
                0x100034ac                tud_task_ext
 .text.usbd_open_edpt_pair
                0x10003cfc       0x9c CMakeFiles/c_rtos.dir/__/lib/pico-sdk/lib/tinyusb/src/device/usbd.c.obj
                0x10003cfc                usbd_open_edpt_pair
 .text.usbd_defer_func
                0x10003d98       0x48 CMakeFiles/c_rtos.dir/__/lib/pico-sdk/lib/tinyusb/src/device/usbd.c.obj
                0x10003d98                usbd_defer_func
 .text.usbd_edpt_open
                0x10003de0       0x34 CMakeFiles/c_rtos.dir/__/lib/pico-sdk/lib/tinyusb/src/device/usbd.c.obj
                0x10003de0                usbd_edpt_open
 .text.usbd_edpt_claim
                0x10003e14       0x28 CMakeFiles/c_rtos.dir/__/lib/pico-sdk/lib/tinyusb/src/device/usbd.c.obj
                0x10003e14                usbd_edpt_claim
 .text.usbd_edpt_release
                0x10003e3c       0x28 CMakeFiles/c_rtos.dir/__/lib/pico-sdk/lib/tinyusb/src/device/usbd.c.obj
                0x10003e3c                usbd_edpt_release
 .text.usbd_edpt_xfer
                0x10003e64       0x4c CMakeFiles/c_rtos.dir/__/lib/pico-sdk/lib/tinyusb/src/device/usbd.c.obj
                0x10003e64                usbd_edpt_xfer
 .text.tud_control_status
                0x10003eb0       0x2c CMakeFiles/c_rtos.dir/__/lib/pico-sdk/lib/tinyusb/src/device/usbd_control.c.obj
                0x10003eb0                tud_control_status
 .text.tud_control_xfer
                0x10003edc       0xa8 CMakeFiles/c_rtos.dir/__/lib/pico-sdk/lib/tinyusb/src/device/usbd_control.c.obj
                0x10003edc                tud_control_xfer
 .text.usbd_control_reset
                0x10003f84       0x14 CMakeFiles/c_rtos.dir/__/lib/pico-sdk/lib/tinyusb/src/device/usbd_control.c.obj
                0x10003f84                usbd_control_reset
 .text.usbd_control_set_complete_callback
                0x10003f98        0xc CMakeFiles/c_rtos.dir/__/lib/pico-sdk/lib/tinyusb/src/device/usbd_control.c.obj
                0x10003f98                usbd_control_set_complete_callback
 .text.usbd_control_set_request
                0x10003fa4       0x1c CMakeFiles/c_rtos.dir/__/lib/pico-sdk/lib/tinyusb/src/device/usbd_control.c.obj
                0x10003fa4                usbd_control_set_request
 .text.usbd_control_xfer_cb
                0x10003fc0       0xf4 CMakeFiles/c_rtos.dir/__/lib/pico-sdk/lib/tinyusb/src/device/usbd_control.c.obj
                0x10003fc0                usbd_control_xfer_cb
 .text.tud_cdc_n_connected
                0x100040b4       0x30 CMakeFiles/c_rtos.dir/__/lib/pico-sdk/lib/tinyusb/src/class/cdc/cdc_device.c.obj
                0x100040b4                tud_cdc_n_connected
 .text.tud_cdc_n_available
                0x100040e4       0x18 CMakeFiles/c_rtos.dir/__/lib/pico-sdk/lib/tinyusb/src/class/cdc/cdc_device.c.obj
                0x100040e4                tud_cdc_n_available
 .text.tud_cdc_n_read
                0x100040fc       0x6c CMakeFiles/c_rtos.dir/__/lib/pico-sdk/lib/tinyusb/src/class/cdc/cdc_device.c.obj
                0x100040fc                tud_cdc_n_read
 .text.tud_cdc_n_write_flush
                0x10004168       0x78 CMakeFiles/c_rtos.dir/__/lib/pico-sdk/lib/tinyusb/src/class/cdc/cdc_device.c.obj
                0x10004168                tud_cdc_n_write_flush
 .text.tud_cdc_n_write
                0x100041e0       0x34 CMakeFiles/c_rtos.dir/__/lib/pico-sdk/lib/tinyusb/src/class/cdc/cdc_device.c.obj
                0x100041e0                tud_cdc_n_write
 .text.tud_cdc_n_write_available
                0x10004214       0x18 CMakeFiles/c_rtos.dir/__/lib/pico-sdk/lib/tinyusb/src/class/cdc/cdc_device.c.obj
                0x10004214                tud_cdc_n_write_available
 .text.cdcd_init
                0x1000422c       0x7c CMakeFiles/c_rtos.dir/__/lib/pico-sdk/lib/tinyusb/src/class/cdc/cdc_device.c.obj
                0x1000422c                cdcd_init
 .text.cdcd_reset
                0x100042a8       0x2c CMakeFiles/c_rtos.dir/__/lib/pico-sdk/lib/tinyusb/src/class/cdc/cdc_device.c.obj
                0x100042a8                cdcd_reset
 .text.cdcd_open
                0x100042d4       0xe4 CMakeFiles/c_rtos.dir/__/lib/pico-sdk/lib/tinyusb/src/class/cdc/cdc_device.c.obj
                0x100042d4                cdcd_open
 .text.cdcd_control_xfer_cb
                0x100043b8       0xe4 CMakeFiles/c_rtos.dir/__/lib/pico-sdk/lib/tinyusb/src/class/cdc/cdc_device.c.obj
                0x100043b8                cdcd_control_xfer_cb
 .text.cdcd_xfer_cb
                0x1000449c      0x13c CMakeFiles/c_rtos.dir/__/lib/pico-sdk/lib/tinyusb/src/class/cdc/cdc_device.c.obj
                0x1000449c                cdcd_xfer_cb
 .text.tusb_init
                0x100045d8        0xc CMakeFiles/c_rtos.dir/__/lib/pico-sdk/lib/tinyusb/src/tusb.c.obj
                0x100045d8                tusb_init
 .text.tusb_inited
                0x100045e4        0x8 CMakeFiles/c_rtos.dir/__/lib/pico-sdk/lib/tinyusb/src/tusb.c.obj
                0x100045e4                tusb_inited
 .text.tu_edpt_claim
                0x100045ec       0x50 CMakeFiles/c_rtos.dir/__/lib/pico-sdk/lib/tinyusb/src/tusb.c.obj
                0x100045ec                tu_edpt_claim
 .text.tu_edpt_release
                0x1000463c       0x38 CMakeFiles/c_rtos.dir/__/lib/pico-sdk/lib/tinyusb/src/tusb.c.obj
                0x1000463c                tu_edpt_release
 .text.tu_edpt_validate
                0x10004674       0x7c CMakeFiles/c_rtos.dir/__/lib/pico-sdk/lib/tinyusb/src/tusb.c.obj
                0x10004674                tu_edpt_validate
 .text.tu_edpt_bind_driver
                0x100046f0       0x34 CMakeFiles/c_rtos.dir/__/lib/pico-sdk/lib/tinyusb/src/tusb.c.obj
                0x100046f0                tu_edpt_bind_driver
 .text.tu_fifo_config
                0x10004724       0x6c CMakeFiles/c_rtos.dir/__/lib/pico-sdk/lib/tinyusb/src/common/tusb_fifo.c.obj
                0x10004724                tu_fifo_config
 .text.tu_fifo_count
                0x10004790       0x2c CMakeFiles/c_rtos.dir/__/lib/pico-sdk/lib/tinyusb/src/common/tusb_fifo.c.obj
                0x10004790                tu_fifo_count
 .text.tu_fifo_empty
                0x100047bc       0x10 CMakeFiles/c_rtos.dir/__/lib/pico-sdk/lib/tinyusb/src/common/tusb_fifo.c.obj
                0x100047bc                tu_fifo_empty
 .text.tu_fifo_remaining
                0x100047cc       0x2c CMakeFiles/c_rtos.dir/__/lib/pico-sdk/lib/tinyusb/src/common/tusb_fifo.c.obj
                0x100047cc                tu_fifo_remaining
 .text.tu_fifo_read
                0x100047f8       0x9c CMakeFiles/c_rtos.dir/__/lib/pico-sdk/lib/tinyusb/src/common/tusb_fifo.c.obj
                0x100047f8                tu_fifo_read
 .text.tu_fifo_read_n
                0x10004894       0xe8 CMakeFiles/c_rtos.dir/__/lib/pico-sdk/lib/tinyusb/src/common/tusb_fifo.c.obj
                0x10004894                tu_fifo_read_n
 .text.tu_fifo_write
                0x1000497c       0xa4 CMakeFiles/c_rtos.dir/__/lib/pico-sdk/lib/tinyusb/src/common/tusb_fifo.c.obj
                0x1000497c                tu_fifo_write
 .text.tu_fifo_write_n
                0x10004a20      0x178 CMakeFiles/c_rtos.dir/__/lib/pico-sdk/lib/tinyusb/src/common/tusb_fifo.c.obj
                0x10004a20                tu_fifo_write_n
 .text.tu_fifo_clear
                0x10004b98       0x40 CMakeFiles/c_rtos.dir/__/lib/pico-sdk/lib/tinyusb/src/common/tusb_fifo.c.obj
                0x10004b98                tu_fifo_clear
 .text.tu_fifo_set_overwritable
                0x10004bd8       0x48 CMakeFiles/c_rtos.dir/__/lib/pico-sdk/lib/tinyusb/src/common/tusb_fifo.c.obj
                0x10004bd8                tu_fifo_set_overwritable
 .text.pvPortMalloc
                0x10004c20      0x12c CMakeFiles/c_rtos.dir/__/lib/FreeRTOS-Kernel/portable/MemMang/heap_4.c.obj
                0x10004c20                pvPortMalloc
 .text.vPortFree
                0x10004d4c       0x98 CMakeFiles/c_rtos.dir/__/lib/FreeRTOS-Kernel/portable/MemMang/heap_4.c.obj
                0x10004d4c                vPortFree
 .text.vPortSVCHandler
                0x10004de4        0x4 CMakeFiles/c_rtos.dir/__/lib/FreeRTOS-Kernel/portable/ThirdParty/GCC/RP2040/port.c.obj
                0x10004de4                vPortSVCHandler
 *fill*         0x10004de8        0x8 
 .text.vPortStartFirstTask
                0x10004df0       0x34 CMakeFiles/c_rtos.dir/__/lib/FreeRTOS-Kernel/portable/ThirdParty/GCC/RP2040/port.c.obj
 *fill*         0x10004e24        0xc 
 .text.xPortPendSVHandler
                0x10004e30       0x64 CMakeFiles/c_rtos.dir/__/lib/FreeRTOS-Kernel/portable/ThirdParty/GCC/RP2040/port.c.obj
                0x10004e30                xPortPendSVHandler
 .text.prvFIFOInterruptHandler
                0x10004e94       0x78 CMakeFiles/c_rtos.dir/__/lib/FreeRTOS-Kernel/portable/ThirdParty/GCC/RP2040/port.c.obj
 .text.prvTaskExitError
                0x10004f0c        0x8 CMakeFiles/c_rtos.dir/__/lib/FreeRTOS-Kernel/portable/ThirdParty/GCC/RP2040/port.c.obj
 .text.pxPortInitialiseStack
                0x10004f14       0x20 CMakeFiles/c_rtos.dir/__/lib/FreeRTOS-Kernel/portable/ThirdParty/GCC/RP2040/port.c.obj
                0x10004f14                pxPortInitialiseStack
 .text.vPortYield
                0x10004f34       0x18 CMakeFiles/c_rtos.dir/__/lib/FreeRTOS-Kernel/portable/ThirdParty/GCC/RP2040/port.c.obj
                0x10004f34                vPortYield
 .text.vPortEnterCritical
                0x10004f4c       0x18 CMakeFiles/c_rtos.dir/__/lib/FreeRTOS-Kernel/portable/ThirdParty/GCC/RP2040/port.c.obj
                0x10004f4c                vPortEnterCritical
 .text.vPortExitCritical
                0x10004f64       0x34 CMakeFiles/c_rtos.dir/__/lib/FreeRTOS-Kernel/portable/ThirdParty/GCC/RP2040/port.c.obj
                0x10004f64                vPortExitCritical
 .text.ulSetInterruptMaskFromISR
                0x10004f98        0x8 CMakeFiles/c_rtos.dir/__/lib/FreeRTOS-Kernel/portable/ThirdParty/GCC/RP2040/port.c.obj
                0x10004f98                ulSetInterruptMaskFromISR
 .text.vClearInterruptMaskFromISR
                0x10004fa0        0x8 CMakeFiles/c_rtos.dir/__/lib/FreeRTOS-Kernel/portable/ThirdParty/GCC/RP2040/port.c.obj
                0x10004fa0                vClearInterruptMaskFromISR
 .text.xPortSysTickHandler
                0x10004fa8       0x24 CMakeFiles/c_rtos.dir/__/lib/FreeRTOS-Kernel/portable/ThirdParty/GCC/RP2040/port.c.obj
                0x10004fa8                xPortSysTickHandler
 .text.vPortSetupTimerInterrupt
                0x10004fcc       0x34 CMakeFiles/c_rtos.dir/__/lib/FreeRTOS-Kernel/portable/ThirdParty/GCC/RP2040/port.c.obj
                0x10004fcc                vPortSetupTimerInterrupt
 .text.xPortStartScheduler
                0x10005000       0xa0 CMakeFiles/c_rtos.dir/__/lib/FreeRTOS-Kernel/portable/ThirdParty/GCC/RP2040/port.c.obj
                0x10005000                xPortStartScheduler
 .text.ulPortLockGetCurrentOwnerId
                0x100050a0       0x2c CMakeFiles/c_rtos.dir/__/lib/FreeRTOS-Kernel/portable/ThirdParty/GCC/RP2040/port.c.obj
                0x100050a0                ulPortLockGetCurrentOwnerId
 .text.vPortLockInternalSpinUnlockWithNotify
                0x100050cc       0xc4 CMakeFiles/c_rtos.dir/__/lib/FreeRTOS-Kernel/portable/ThirdParty/GCC/RP2040/port.c.obj
                0x100050cc                vPortLockInternalSpinUnlockWithNotify
 .text.xPortLockInternalSpinUnlockWithBestEffortWaitOrTimeout
                0x10005190       0xf4 CMakeFiles/c_rtos.dir/__/lib/FreeRTOS-Kernel/portable/ThirdParty/GCC/RP2040/port.c.obj
                0x10005190                xPortLockInternalSpinUnlockWithBestEffortWaitOrTimeout
 .text.startup.prvRuntimeInitializer
                0x10005284       0x28 CMakeFiles/c_rtos.dir/__/lib/FreeRTOS-Kernel/portable/ThirdParty/GCC/RP2040/port.c.obj
 .text.vEventGroupSetBitsCallback
                0x100052ac       0x90 CMakeFiles/c_rtos.dir/__/lib/FreeRTOS-Kernel/event_groups.c.obj
                0x100052ac                vEventGroupSetBitsCallback
 .text.xEventGroupCreate
                0x1000533c       0x18 CMakeFiles/c_rtos.dir/__/lib/FreeRTOS-Kernel/event_groups.c.obj
                0x1000533c                xEventGroupCreate
 .text.xEventGroupWaitBits
                0x10005354       0xb8 CMakeFiles/c_rtos.dir/__/lib/FreeRTOS-Kernel/event_groups.c.obj
                0x10005354                xEventGroupWaitBits
 .text.xEventGroupSetBits
                0x1000540c       0x94 CMakeFiles/c_rtos.dir/__/lib/FreeRTOS-Kernel/event_groups.c.obj
                0x1000540c                xEventGroupSetBits
 .text.xEventGroupSetBitsFromISR
                0x100054a0       0x18 CMakeFiles/c_rtos.dir/__/lib/FreeRTOS-Kernel/event_groups.c.obj
                0x100054a0                xEventGroupSetBitsFromISR
 .text.vListInitialise
                0x100054b8       0x18 CMakeFiles/c_rtos.dir/__/lib/FreeRTOS-Kernel/list.c.obj
                0x100054b8                vListInitialise
 .text.vListInitialiseItem
                0x100054d0        0x8 CMakeFiles/c_rtos.dir/__/lib/FreeRTOS-Kernel/list.c.obj
                0x100054d0                vListInitialiseItem
 .text.vListInsert
                0x100054d8       0x30 CMakeFiles/c_rtos.dir/__/lib/FreeRTOS-Kernel/list.c.obj
                0x100054d8                vListInsert
 .text.uxListRemove
                0x10005508       0x24 CMakeFiles/c_rtos.dir/__/lib/FreeRTOS-Kernel/list.c.obj
                0x10005508                uxListRemove
 .text.prvUnlockQueue
                0x1000552c      0x17c CMakeFiles/c_rtos.dir/__/lib/FreeRTOS-Kernel/queue.c.obj
 .text.prvNotifyQueueSetContainer
                0x100056a8       0x90 CMakeFiles/c_rtos.dir/__/lib/FreeRTOS-Kernel/queue.c.obj
 .text.xQueueGenericCreate
                0x10005738       0xa4 CMakeFiles/c_rtos.dir/__/lib/FreeRTOS-Kernel/queue.c.obj
                0x10005738                xQueueGenericCreate
 .text.xQueueGenericSendFromISR
                0x100057dc      0x150 CMakeFiles/c_rtos.dir/__/lib/FreeRTOS-Kernel/queue.c.obj
                0x100057dc                xQueueGenericSendFromISR
 .text.xQueueReceive
                0x1000592c      0x11c CMakeFiles/c_rtos.dir/__/lib/FreeRTOS-Kernel/queue.c.obj
                0x1000592c                xQueueReceive
 .text.vQueueAddToRegistry
                0x10005a48      0x118 CMakeFiles/c_rtos.dir/__/lib/FreeRTOS-Kernel/queue.c.obj
                0x10005a48                vQueueAddToRegistry
 .text.vQueueWaitForMessageRestricted
                0x10005b60       0x48 CMakeFiles/c_rtos.dir/__/lib/FreeRTOS-Kernel/queue.c.obj
                0x10005b60                vQueueWaitForMessageRestricted
 .text.prvIdleTask
                0x10005ba8       0x60 CMakeFiles/c_rtos.dir/__/lib/FreeRTOS-Kernel/tasks.c.obj
 .text.xTaskIncrementTick.part.0
                0x10005c08      0x190 CMakeFiles/c_rtos.dir/__/lib/FreeRTOS-Kernel/tasks.c.obj
 .text.xTaskCreate
                0x10005d98      0x240 CMakeFiles/c_rtos.dir/__/lib/FreeRTOS-Kernel/tasks.c.obj
                0x10005d98                xTaskCreate
 .text.vTaskStartScheduler
                0x10005fd8      0x1d8 CMakeFiles/c_rtos.dir/__/lib/FreeRTOS-Kernel/tasks.c.obj
                0x10005fd8                vTaskStartScheduler
 .text.vTaskSuspendAll
                0x100061b0       0x10 CMakeFiles/c_rtos.dir/__/lib/FreeRTOS-Kernel/tasks.c.obj
                0x100061b0                vTaskSuspendAll
 .text.xTaskResumeAll
                0x100061c0      0x180 CMakeFiles/c_rtos.dir/__/lib/FreeRTOS-Kernel/tasks.c.obj
                0x100061c0                xTaskResumeAll
 .text.vTaskDelay
                0x10006340       0x78 CMakeFiles/c_rtos.dir/__/lib/FreeRTOS-Kernel/tasks.c.obj
                0x10006340                vTaskDelay
 .text.xTaskGetTickCount
                0x100063b8        0xc CMakeFiles/c_rtos.dir/__/lib/FreeRTOS-Kernel/tasks.c.obj
                0x100063b8                xTaskGetTickCount
 .text.uxTaskGetNumberOfTasks
                0x100063c4        0xc CMakeFiles/c_rtos.dir/__/lib/FreeRTOS-Kernel/tasks.c.obj
                0x100063c4                uxTaskGetNumberOfTasks
 .text.xTaskIncrementTick
                0x100063d0       0x24 CMakeFiles/c_rtos.dir/__/lib/FreeRTOS-Kernel/tasks.c.obj
                0x100063d0                xTaskIncrementTick
 .text.vTaskSwitchContext
                0x100063f4       0x6c CMakeFiles/c_rtos.dir/__/lib/FreeRTOS-Kernel/tasks.c.obj
                0x100063f4                vTaskSwitchContext
 .text.vTaskPlaceOnEventList
                0x10006460       0x94 CMakeFiles/c_rtos.dir/__/lib/FreeRTOS-Kernel/tasks.c.obj
                0x10006460                vTaskPlaceOnEventList
 .text.vTaskPlaceOnUnorderedEventList
                0x100064f4       0xb8 CMakeFiles/c_rtos.dir/__/lib/FreeRTOS-Kernel/tasks.c.obj
                0x100064f4                vTaskPlaceOnUnorderedEventList
 .text.vTaskPlaceOnEventListRestricted
                0x100065ac       0xc0 CMakeFiles/c_rtos.dir/__/lib/FreeRTOS-Kernel/tasks.c.obj
                0x100065ac                vTaskPlaceOnEventListRestricted
 .text.xTaskRemoveFromEventList
                0x1000666c       0xcc CMakeFiles/c_rtos.dir/__/lib/FreeRTOS-Kernel/tasks.c.obj
                0x1000666c                xTaskRemoveFromEventList
 .text.vTaskRemoveFromUnorderedEventList
                0x10006738       0x94 CMakeFiles/c_rtos.dir/__/lib/FreeRTOS-Kernel/tasks.c.obj
                0x10006738                vTaskRemoveFromUnorderedEventList
 .text.vTaskInternalSetTimeOutState
                0x100067cc       0x18 CMakeFiles/c_rtos.dir/__/lib/FreeRTOS-Kernel/tasks.c.obj
                0x100067cc                vTaskInternalSetTimeOutState
 .text.xTaskCheckForTimeOut
                0x100067e4       0x74 CMakeFiles/c_rtos.dir/__/lib/FreeRTOS-Kernel/tasks.c.obj
                0x100067e4                xTaskCheckForTimeOut
 .text.vTaskMissedYield
                0x10006858        0xc CMakeFiles/c_rtos.dir/__/lib/FreeRTOS-Kernel/tasks.c.obj
                0x10006858                vTaskMissedYield
 .text.xTaskGetCurrentTaskHandle
                0x10006864        0xc CMakeFiles/c_rtos.dir/__/lib/FreeRTOS-Kernel/tasks.c.obj
                0x10006864                xTaskGetCurrentTaskHandle
 .text.xTaskPriorityDisinherit
                0x10006870       0x64 CMakeFiles/c_rtos.dir/__/lib/FreeRTOS-Kernel/tasks.c.obj
                0x10006870                xTaskPriorityDisinherit
 .text.uxTaskResetEventItemValue
                0x100068d4       0x18 CMakeFiles/c_rtos.dir/__/lib/FreeRTOS-Kernel/tasks.c.obj
                0x100068d4                uxTaskResetEventItemValue
 .text.prvTimerTask
                0x100068ec      0x380 CMakeFiles/c_rtos.dir/__/lib/FreeRTOS-Kernel/timers.c.obj
 .text.xTimerCreateTimerTask
                0x10006c6c       0x8c CMakeFiles/c_rtos.dir/__/lib/FreeRTOS-Kernel/timers.c.obj
                0x10006c6c                xTimerCreateTimerTask
 .text.xTimerPendFunctionCallFromISR
                0x10006cf8       0x2c CMakeFiles/c_rtos.dir/__/lib/FreeRTOS-Kernel/timers.c.obj
                0x10006cf8                xTimerPendFunctionCallFromISR
 .text.exception_set_exclusive_handler
                0x10006d24       0x48 CMakeFiles/c_rtos.dir/__/lib/pico-sdk/src/rp2_common/hardware_exception/exception.c.obj
                0x10006d24                exception_set_exclusive_handler
 .text.atexit   0x10006d6c       0x10 /usr/lib/gcc/arm-none-eabi/14.2.0/../../../../arm-none-eabi/lib/thumb/v6-m/nofp/libc.a(libc_a-atexit.o)
                0x10006d6c                atexit
 .text.__libc_fini_array
                0x10006d7c       0x28 /usr/lib/gcc/arm-none-eabi/14.2.0/../../../../arm-none-eabi/lib/thumb/v6-m/nofp/libc.a(libc_a-fini.o)
                0x10006d7c                __libc_fini_array
 .text.__retarget_lock_acquire_recursive
                0x10006da4        0x4 /usr/lib/gcc/arm-none-eabi/14.2.0/../../../../arm-none-eabi/lib/thumb/v6-m/nofp/libc.a(libc_a-lock.o)
                0x10006da4                __retarget_lock_acquire_recursive
 .text.__retarget_lock_release_recursive
                0x10006da8        0x4 /usr/lib/gcc/arm-none-eabi/14.2.0/../../../../arm-none-eabi/lib/thumb/v6-m/nofp/libc.a(libc_a-lock.o)
                0x10006da8                __retarget_lock_release_recursive
 .text.strlen   0x10006dac       0x5c /usr/lib/gcc/arm-none-eabi/14.2.0/../../../../arm-none-eabi/lib/thumb/v6-m/nofp/libc.a(libc_a-strlen-stub.o)
                0x10006dac                strlen
 .text.__register_exitproc
                0x10006e08       0xa8 /usr/lib/gcc/arm-none-eabi/14.2.0/../../../../arm-none-eabi/lib/thumb/v6-m/nofp/libc.a(libc_a-__atexit.o)
                0x10006e08                __register_exitproc
 .text.startup.register_fini
                0x10006eb0       0x18 /usr/lib/gcc/arm-none-eabi/14.2.0/../../../../arm-none-eabi/lib/thumb/v6-m/nofp/libc.a(libc_a-__call_atexit.o)
 *(.fini)
 .fini          0x10006ec8        0x4 /usr/lib/gcc/arm-none-eabi/14.2.0/thumb/v6-m/nofp/crti.o
                0x10006ec8                _fini
 *fill*         0x10006ecc        0x4 
 .fini.__stub   0x10006ed0       0xc0 linker stubs
 *crtbegin.o(.ctors)
 *crtbegin?.o(.ctors)
 *(EXCLUDE_FILE(*crtend.o *crtend?.o) .ctors)
 *(SORT_BY_NAME(.ctors.*))
 *(.ctors)
 *crtbegin.o(.dtors)
 *crtbegin?.o(.dtors)
 *(EXCLUDE_FILE(*crtend.o *crtend?.o) .dtors)
 *(SORT_BY_NAME(.dtors.*))
 *(.dtors)
 *(.eh_frame*)
 .eh_frame      0x10006f90        0x0 /usr/lib/gcc/arm-none-eabi/14.2.0/thumb/v6-m/nofp/crtbegin.o
                0x10006f90                        . = ALIGN (0x4)

.glue_7         0x10006f90        0x0
 .glue_7        0x10006f90        0x0 linker stubs

.glue_7t        0x10006f90        0x0
 .glue_7t       0x10006f90        0x0 linker stubs

.vfp11_veneer   0x10006f90        0x0
 .vfp11_veneer  0x10006f90        0x0 linker stubs

.v4_bx          0x10006f90        0x0
 .v4_bx         0x10006f90        0x0 linker stubs

.iplt           0x10006f90        0x0
 .iplt          0x10006f90        0x0 /usr/lib/gcc/arm-none-eabi/14.2.0/thumb/v6-m/nofp/crtbegin.o

.rodata         0x10006f90      0x364
 *(EXCLUDE_FILE(*libm.a: *libc.a:*lib_a-mem*.o *libgcc.a:) .rodata*)
 .rodata.main.str1.4
                0x10006f90      0x1b4 CMakeFiles/c_rtos.dir/main.c.obj
                                  0x9 (size before relaxing)
 .rodata.spin_lock_claim_unused.str1.4
                0x10007144       0x1b CMakeFiles/c_rtos.dir/__/lib/pico-sdk/src/rp2_common/hardware_sync/sync.c.obj
 .rodata.user_irq_claim_unused.str1.4
                0x10007144       0x1b CMakeFiles/c_rtos.dir/__/lib/pico-sdk/src/rp2_common/hardware_irq/irq.c.obj
 .rodata.hardware_alarm_claim.str1.4
                0x10007144       0x22 CMakeFiles/c_rtos.dir/__/lib/pico-sdk/src/rp2_common/hardware_timer/timer.c.obj
 .rodata.panic.str1.4
                0x10007144       0x12 CMakeFiles/c_rtos.dir/__/lib/pico-sdk/src/rp2_common/pico_runtime/runtime.c.obj
 .rodata.panic_unsupported.str1.4
                0x10007144        0xe CMakeFiles/c_rtos.dir/__/lib/pico-sdk/src/rp2_common/pico_runtime/runtime.c.obj
 .rodata.hard_assertion_failure.str1.4
                0x10007144        0xc CMakeFiles/c_rtos.dir/__/lib/pico-sdk/src/rp2_common/pico_runtime/runtime.c.obj
 .rodata.str1.4
                0x10007144       0x3c CMakeFiles/c_rtos.dir/__/lib/pico-sdk/src/rp2_common/pico_standard_link/binary_info.c.obj
 .rodata.__bi_81
                0x10007144        0xc CMakeFiles/c_rtos.dir/__/lib/pico-sdk/src/rp2_common/pico_standard_link/binary_info.c.obj
 .rodata.__bi_75
                0x10007150        0xc CMakeFiles/c_rtos.dir/__/lib/pico-sdk/src/rp2_common/pico_standard_link/binary_info.c.obj
 .rodata.__bi_44
                0x1000715c        0xc CMakeFiles/c_rtos.dir/__/lib/pico-sdk/src/rp2_common/pico_standard_link/binary_info.c.obj
 .rodata.crlf_str.0
                0x10007168        0x2 CMakeFiles/c_rtos.dir/__/lib/pico-sdk/src/rp2_common/pico_stdio/stdio.c.obj
 .rodata.str1.4
                0x1000716a       0x2c CMakeFiles/c_rtos.dir/__/lib/pico-sdk/src/rp2_common/pico_stdio_uart/stdio_uart.c.obj
 *fill*         0x1000716a        0x2 
 .rodata.__bi_33.4
                0x1000716c        0xc CMakeFiles/c_rtos.dir/__/lib/pico-sdk/src/rp2_common/pico_stdio_uart/stdio_uart.c.obj
 .rodata.__bi_34.5
                0x10007178        0x8 CMakeFiles/c_rtos.dir/__/lib/pico-sdk/src/rp2_common/pico_stdio_uart/stdio_uart.c.obj
 .rodata._resetd_driver
                0x10007180       0x18 CMakeFiles/c_rtos.dir/__/lib/pico-sdk/src/rp2_common/pico_stdio_usb/reset_interface.c.obj
 .rodata.str1.4
                0x10007198       0x13 CMakeFiles/c_rtos.dir/__/lib/pico-sdk/src/rp2_common/pico_stdio_usb/stdio_usb.c.obj
 .rodata.__bi_182.0
                0x10007198        0xc CMakeFiles/c_rtos.dir/__/lib/pico-sdk/src/rp2_common/pico_stdio_usb/stdio_usb.c.obj
 .rodata.str1.4
                0x100071a4       0x2a CMakeFiles/c_rtos.dir/__/lib/pico-sdk/src/rp2_common/pico_stdio_usb/stdio_usb_descriptors.c.obj
 .rodata.usbd_desc_str
                0x100071a4       0x18 CMakeFiles/c_rtos.dir/__/lib/pico-sdk/src/rp2_common/pico_stdio_usb/stdio_usb_descriptors.c.obj
 .rodata.usbd_desc_cfg
                0x100071bc       0x54 CMakeFiles/c_rtos.dir/__/lib/pico-sdk/src/rp2_common/pico_stdio_usb/stdio_usb_descriptors.c.obj
 .rodata.usbd_desc_device
                0x10007210       0x12 CMakeFiles/c_rtos.dir/__/lib/pico-sdk/src/rp2_common/pico_stdio_usb/stdio_usb_descriptors.c.obj
 .rodata.str1.4
                0x10007222       0x14 CMakeFiles/c_rtos.dir/__/lib/pico-sdk/lib/tinyusb/src/portable/raspberrypi/rp2040/dcd_rp2040.c.obj
 .rodata.str1.4
                0x10007222       0x53 CMakeFiles/c_rtos.dir/__/lib/pico-sdk/lib/tinyusb/src/portable/raspberrypi/rp2040/rp2040_usb.c.obj
 *fill*         0x10007222        0x2 
 .rodata.tud_task_ext
                0x10007224       0x8c CMakeFiles/c_rtos.dir/__/lib/pico-sdk/lib/tinyusb/src/device/usbd.c.obj
 .rodata._usbd_driver
                0x100072b0       0x18 CMakeFiles/c_rtos.dir/__/lib/pico-sdk/lib/tinyusb/src/device/usbd.c.obj
 .rodata.uxTopUsedPriority
                0x100072c8        0x4 CMakeFiles/c_rtos.dir/__/lib/FreeRTOS-Kernel/tasks.c.obj
                0x100072c8                uxTopUsedPriority
 .rodata.prvTimerTask
                0x100072cc       0x28 CMakeFiles/c_rtos.dir/__/lib/FreeRTOS-Kernel/timers.c.obj
 .rodata.xTimerCreateTimerTask.str1.4
                0x100072f4       0x10 CMakeFiles/c_rtos.dir/__/lib/FreeRTOS-Kernel/timers.c.obj
                0x10007304                        . = ALIGN (0x4)
 *(SORT_BY_ALIGNMENT(SORT_BY_NAME(.flashdata*)))
                0x10007304                        . = ALIGN (0x4)

.ARM.extab
 *(.ARM.extab* .gnu.linkonce.armextab.*)
                0x100072f4                        __exidx_start = .

.ARM.exidx
 *(.ARM.exidx* .gnu.linkonce.armexidx.*)
                0x100072f4                        __exidx_end = .
                0x10007304                        . = ALIGN (0x4)
                0x100072f4                        __binary_info_start = .

.binary_info    0x100072f4       0x28
 *(.binary_info.keep.*)
 .binary_info.keep.__bi_ptr81
                0x100072f4        0x4 CMakeFiles/c_rtos.dir/__/lib/pico-sdk/src/rp2_common/pico_standard_link/binary_info.c.obj
 .binary_info.keep.__bi_ptr75
                0x100072f8        0x4 CMakeFiles/c_rtos.dir/__/lib/pico-sdk/src/rp2_common/pico_standard_link/binary_info.c.obj
 .binary_info.keep.__bi_ptr50
                0x100072fc        0x4 CMakeFiles/c_rtos.dir/__/lib/pico-sdk/src/rp2_common/pico_standard_link/binary_info.c.obj
 .binary_info.keep.__bi_ptr44
                0x10007300        0x4 CMakeFiles/c_rtos.dir/__/lib/pico-sdk/src/rp2_common/pico_standard_link/binary_info.c.obj
 .binary_info.keep.__bi_ptr38
                0x10007304        0x4 CMakeFiles/c_rtos.dir/__/lib/pico-sdk/src/rp2_common/pico_standard_link/binary_info.c.obj
 .binary_info.keep.__bi_ptr30
                0x10007308        0x4 CMakeFiles/c_rtos.dir/__/lib/pico-sdk/src/rp2_common/pico_standard_link/binary_info.c.obj
 .binary_info.keep.__bi_ptr22
                0x1000730c        0x4 CMakeFiles/c_rtos.dir/__/lib/pico-sdk/src/rp2_common/pico_standard_link/binary_info.c.obj
 *(.binary_info.*)
 .binary_info.__bi_ptr34
                0x10007310        0x4 CMakeFiles/c_rtos.dir/__/lib/pico-sdk/src/rp2_common/pico_stdio_uart/stdio_uart.c.obj
 .binary_info.__bi_ptr33
                0x10007314        0x4 CMakeFiles/c_rtos.dir/__/lib/pico-sdk/src/rp2_common/pico_stdio_uart/stdio_uart.c.obj
 .binary_info.__bi_ptr182
                0x10007318        0x4 CMakeFiles/c_rtos.dir/__/lib/pico-sdk/src/rp2_common/pico_stdio_usb/stdio_usb.c.obj
                0x1000731c                        __binary_info_end = .

.rel.dyn        0x1000731c        0x0
 .rel.iplt      0x1000731c        0x0 /usr/lib/gcc/arm-none-eabi/14.2.0/thumb/v6-m/nofp/crtbegin.o
                0x1000731c                        . = ALIGN (0x4)

.ram_vector_table
                0x20000000       0xc0
 *(.ram_vector_table)
 .ram_vector_table
                0x20000000       0xc0 CMakeFiles/c_rtos.dir/__/lib/pico-sdk/src/rp2_common/pico_runtime/runtime.c.obj
                0x20000000                ram_vector_table

.data           0x200000c0      0xecc load address 0x1000731c
                0x200000c0                        __data_start__ = .
 *(vtable)
 *(.time_critical*)
 .time_critical.mutex_try_enter
                0x200000c0       0x40 CMakeFiles/c_rtos.dir/__/lib/pico-sdk/src/common/pico_sync/mutex.c.obj
                0x200000c0                mutex_try_enter
 .time_critical.mutex_try_enter_block_until
                0x20000100       0xa0 CMakeFiles/c_rtos.dir/__/lib/pico-sdk/src/common/pico_sync/mutex.c.obj
                0x20000100                mutex_try_enter_block_until
 .time_critical.mutex_enter_timeout_ms
                0x200001a0       0x74 CMakeFiles/c_rtos.dir/__/lib/pico-sdk/src/common/pico_sync/mutex.c.obj
                0x200001a0                mutex_enter_timeout_ms
 .time_critical.mutex_exit
                0x20000214       0x20 CMakeFiles/c_rtos.dir/__/lib/pico-sdk/src/common/pico_sync/mutex.c.obj
                0x20000214                mutex_exit
 .time_critical.flash_init_boot2_copyout
                0x20000234       0x30 CMakeFiles/c_rtos.dir/__/lib/pico-sdk/src/rp2_common/hardware_flash/flash.c.obj
 .time_critical.flash_enable_xip_via_boot2
                0x20000264        0xc CMakeFiles/c_rtos.dir/__/lib/pico-sdk/src/rp2_common/hardware_flash/flash.c.obj
 .time_critical.flash_cs_force
                0x20000270       0x38 CMakeFiles/c_rtos.dir/__/lib/pico-sdk/src/rp2_common/hardware_flash/flash.c.obj
 .time_critical.flash_do_cmd
                0x200002a8      0x130 CMakeFiles/c_rtos.dir/__/lib/pico-sdk/src/rp2_common/hardware_flash/flash.c.obj
                0x200002a8                flash_do_cmd
 .time_critical.reset_non_control_endpoints
                0x200003d8       0x68 CMakeFiles/c_rtos.dir/__/lib/pico-sdk/lib/tinyusb/src/portable/raspberrypi/rp2040/dcd_rp2040.c.obj
 .time_critical.hw_handle_buff_status
                0x20000440       0xb8 CMakeFiles/c_rtos.dir/__/lib/pico-sdk/lib/tinyusb/src/portable/raspberrypi/rp2040/dcd_rp2040.c.obj
 .time_critical.dcd_rp2040_irq
                0x200004f8      0x514 CMakeFiles/c_rtos.dir/__/lib/pico-sdk/lib/tinyusb/src/portable/raspberrypi/rp2040/dcd_rp2040.c.obj
 .time_critical.e15_is_bulkin_ep
                0x20000a0c       0x28 CMakeFiles/c_rtos.dir/__/lib/pico-sdk/lib/tinyusb/src/portable/raspberrypi/rp2040/rp2040_usb.c.obj
 .time_critical.e15_is_critical_frame_period
                0x20000a34       0x34 CMakeFiles/c_rtos.dir/__/lib/pico-sdk/lib/tinyusb/src/portable/raspberrypi/rp2040/rp2040_usb.c.obj
 .time_critical.prepare_ep_buffer
                0x20000a68       0x6c CMakeFiles/c_rtos.dir/__/lib/pico-sdk/lib/tinyusb/src/portable/raspberrypi/rp2040/rp2040_usb.c.obj
 .time_critical.sync_ep_buffer
                0x20000ad4       0x48 CMakeFiles/c_rtos.dir/__/lib/pico-sdk/lib/tinyusb/src/portable/raspberrypi/rp2040/rp2040_usb.c.obj
 .time_critical._hw_endpoint_xfer_sync
                0x20000b1c       0x28 CMakeFiles/c_rtos.dir/__/lib/pico-sdk/lib/tinyusb/src/portable/raspberrypi/rp2040/rp2040_usb.c.obj
 .time_critical.hw_endpoint_reset_transfer
                0x20000b44        0xc CMakeFiles/c_rtos.dir/__/lib/pico-sdk/lib/tinyusb/src/portable/raspberrypi/rp2040/rp2040_usb.c.obj
                0x20000b44                hw_endpoint_reset_transfer
 .time_critical._hw_endpoint_buffer_control_update32
                0x20000b50       0x58 CMakeFiles/c_rtos.dir/__/lib/pico-sdk/lib/tinyusb/src/portable/raspberrypi/rp2040/rp2040_usb.c.obj
                0x20000b50                _hw_endpoint_buffer_control_update32
 .time_critical.hw_endpoint_start_next_buffer
                0x20000ba8       0x68 CMakeFiles/c_rtos.dir/__/lib/pico-sdk/lib/tinyusb/src/portable/raspberrypi/rp2040/rp2040_usb.c.obj
                0x20000ba8                hw_endpoint_start_next_buffer
 .time_critical.hw_endpoint_xfer_continue
                0x20000c10       0x50 CMakeFiles/c_rtos.dir/__/lib/pico-sdk/lib/tinyusb/src/portable/raspberrypi/rp2040/rp2040_usb.c.obj
                0x20000c10                hw_endpoint_xfer_continue
 .time_critical.tinyusb
                0x20000c60      0x16c CMakeFiles/c_rtos.dir/__/lib/pico-sdk/lib/tinyusb/src/device/usbd.c.obj
                0x20000c60                dcd_event_handler
 *(.text*)
 .text          0x20000dcc        0x4 /usr/lib/gcc/arm-none-eabi/14.2.0/thumb/v6-m/nofp/libgcc.a(_dvmd_tls.o)
                0x20000dcc                __aeabi_ldiv0
                0x20000dcc                __aeabi_idiv0
 .text.__stub   0x20000dd0       0x90 linker stubs
                0x20000e60                        . = ALIGN (0x4)
 *(.rodata*)
                0x20000e60                        . = ALIGN (0x4)
 *(.data*)
 .data.striped_spin_lock_num
                0x20000e60        0x1 CMakeFiles/c_rtos.dir/__/lib/pico-sdk/src/rp2_common/hardware_sync/sync.c.obj
 *fill*         0x20000e61        0x3 
 .data          0x20000e64       0x48 CMakeFiles/c_rtos.dir/__/lib/pico-sdk/src/rp2_common/hardware_irq/irq_handler_chain.S.obj
                0x20000e64                irq_handler_chain_slots
                0x20000e94                irq_handler_chain_first_slot
                0x20000e9e                irq_handler_chain_remove_tail
 .data.default_alarm_pool
                0x20000eac       0x18 CMakeFiles/c_rtos.dir/__/lib/pico-sdk/src/common/pico_time/time.c.obj
 .data.default_alarm_pool_heap
                0x20000ec4       0x10 CMakeFiles/c_rtos.dir/__/lib/pico-sdk/src/common/pico_time/time.c.obj
 *fill*         0x20000ed4        0xc 
 .data.aeabi_bits_funcs
                0x20000ee0       0x10 CMakeFiles/c_rtos.dir/__/lib/pico-sdk/src/rp2_common/pico_bit_ops/bit_ops_aeabi.S.obj
                0x20000ee0                aeabi_bits_funcs
                0x20000ef0                aeabi_bits_funcs_end
 .data.aeabi_mem_funcs
                0x20000ef0       0x10 CMakeFiles/c_rtos.dir/__/lib/pico-sdk/src/rp2_common/pico_mem_ops/mem_ops_aeabi.S.obj
                0x20000ef0                aeabi_mem_funcs
                0x20000f00                aeabi_mem_funcs_end
 .data.stdio_uart
                0x20000f00       0x18 CMakeFiles/c_rtos.dir/__/lib/pico-sdk/src/rp2_common/pico_stdio_uart/stdio_uart.c.obj
                0x20000f00                stdio_uart
 .data.stdio_usb
                0x20000f18       0x18 CMakeFiles/c_rtos.dir/__/lib/pico-sdk/src/rp2_common/pico_stdio_usb/stdio_usb.c.obj
                0x20000f18                stdio_usb
 .data.ep_dir_string
                0x20000f30        0x8 CMakeFiles/c_rtos.dir/__/lib/pico-sdk/lib/tinyusb/src/portable/raspberrypi/rp2040/rp2040_usb.c.obj
                0x20000f30                ep_dir_string
 .data._usbd_qdef
                0x20000f38       0x1c CMakeFiles/c_rtos.dir/__/lib/pico-sdk/lib/tinyusb/src/device/usbd.c.obj
                0x20000f38                _usbd_qdef
 .data._usbd_rhport
                0x20000f54        0x1 CMakeFiles/c_rtos.dir/__/lib/pico-sdk/lib/tinyusb/src/device/usbd.c.obj
 .data.ucPrimaryCoreNum
                0x20000f55        0x1 CMakeFiles/c_rtos.dir/__/lib/FreeRTOS-Kernel/portable/ThirdParty/GCC/RP2040/port.c.obj
 *fill*         0x20000f56        0x2 
 .data.__atexit_recursive_mutex
                0x20000f58        0x4 /usr/lib/gcc/arm-none-eabi/14.2.0/../../../../arm-none-eabi/lib/thumb/v6-m/nofp/libc.a(libc_a-__call_atexit.o)
                0x20000f58                __atexit_recursive_mutex
                0x20000f5c                        . = ALIGN (0x4)
 *(.after_data.*)
                0x20000f5c                        . = ALIGN (0x4)
                0x20000f5c                        PROVIDE (__mutex_array_start = .)
 *(SORT_BY_NAME(.mutex_array.*))
 *(.mutex_array)
 .mutex_array   0x20000f5c        0x8 CMakeFiles/c_rtos.dir/__/lib/pico-sdk/src/rp2_common/pico_malloc/pico_malloc.c.obj
 .mutex_array   0x20000f64        0x8 CMakeFiles/c_rtos.dir/__/lib/pico-sdk/src/rp2_common/pico_stdio/stdio.c.obj
                0x20000f6c                        PROVIDE (__mutex_array_end = .)
                0x20000f6c                        . = ALIGN (0x4)
                0x20000f6c                        PROVIDE (__preinit_array_start = .)
 *(SORT_BY_NAME(.preinit_array.*))
 .preinit_array.00001
                0x20000f6c        0x4 CMakeFiles/c_rtos.dir/__/lib/pico-sdk/src/rp2_common/pico_mem_ops/mem_ops_aeabi.S.obj
 .preinit_array.00010
                0x20000f70        0x4 CMakeFiles/c_rtos.dir/__/lib/pico-sdk/src/rp2_common/pico_bit_ops/bit_ops_aeabi.S.obj
 .preinit_array.00020
                0x20000f74        0x4 CMakeFiles/c_rtos.dir/__/lib/pico-sdk/src/rp2_common/pico_double/double_aeabi.S.obj
 .preinit_array.00020
                0x20000f78        0x4 CMakeFiles/c_rtos.dir/__/lib/pico-sdk/src/rp2_common/pico_float/float_aeabi.S.obj
 *(.preinit_array)
                0x20000f7c                        PROVIDE (__preinit_array_end = .)
                0x20000f7c                        . = ALIGN (0x4)
                0x20000f7c                        PROVIDE (__init_array_start = .)
 *(SORT_BY_NAME(.init_array.*))
 .init_array.00000
                0x20000f7c        0x4 /usr/lib/gcc/arm-none-eabi/14.2.0/../../../../arm-none-eabi/lib/thumb/v6-m/nofp/libc.a(libc_a-__call_atexit.o)
 *(.init_array)
 .init_array    0x20000f80        0x4 /usr/lib/gcc/arm-none-eabi/14.2.0/thumb/v6-m/nofp/crtbegin.o
 .init_array    0x20000f84        0x4 CMakeFiles/c_rtos.dir/__/lib/pico-sdk/src/rp2_common/pico_unique_id/unique_id.c.obj
 .init_array    0x20000f88        0x4 CMakeFiles/c_rtos.dir/__/lib/FreeRTOS-Kernel/portable/ThirdParty/GCC/RP2040/port.c.obj
                0x20000f8c                        PROVIDE (__init_array_end = .)
                0x20000f8c                        . = ALIGN (0x4)
                0x20000f8c                        PROVIDE (__fini_array_start = .)
 *(SORT_BY_NAME(.fini_array.*))
 *(.fini_array)
                0x20000f8c                        PROVIDE (__fini_array_end = .)
 *(.jcr)
                0x20000f8c                        . = ALIGN (0x4)
                0x20000f8c                        __data_end__ = .
                0x1000731c                        __etext = LOADADDR (.data)

.igot.plt       0x20000f8c        0x0 load address 0x100081e8
 .igot.plt      0x20000f8c        0x0 /usr/lib/gcc/arm-none-eabi/14.2.0/thumb/v6-m/nofp/crtbegin.o

.uninitialized_data
                0x20000f8c        0x0 load address 0x100081e8
                0x20000f8c                        . = ALIGN (0x4)
 *(.uninitialized_data*)

.scratch_x      0x20040000        0x0 load address 0x100081e8
                0x20040000                        __scratch_x_start__ = .
 *(.scratch_x.*)
                0x20040000                        . = ALIGN (0x4)
                0x20040000                        __scratch_x_end__ = .
                0x100081e8                        __scratch_x_source__ = LOADADDR (.scratch_x)

.scratch_y      0x20041000        0x0 load address 0x100081e8
                0x20041000                        __scratch_y_start__ = .
 *(.scratch_y.*)
                0x20041000                        . = ALIGN (0x4)
                0x20041000                        __scratch_y_end__ = .
                0x100081e8                        __scratch_y_source__ = LOADADDR (.scratch_y)

.bss            0x20000f90    0x21300
                0x20000f90                        . = ALIGN (0x4)
                0x20000f90                        __bss_start__ = .
 *(SORT_BY_ALIGNMENT(SORT_BY_NAME(.bss*)))
 .bss.configured_freq
                0x20000f90       0x28 CMakeFiles/c_rtos.dir/__/lib/pico-sdk/src/rp2_common/hardware_clocks/clocks.c.obj
 .bss.default_alarm_pool_entries
                0x20000fb8      0x100 CMakeFiles/c_rtos.dir/__/lib/pico-sdk/src/common/pico_time/time.c.obj
 .bss.last_avail_time.1
                0x200010b8        0x8 CMakeFiles/c_rtos.dir/__/lib/pico-sdk/src/rp2_common/pico_stdio_usb/stdio_usb.c.obj
 .bss.sd_table  0x200010c0      0x100 CMakeFiles/c_rtos.dir/__/lib/pico-sdk/src/rp2_common/pico_double/double_init_rom.c.obj
                0x200010c0                sd_table
 .bss.sf_table  0x200011c0      0x100 CMakeFiles/c_rtos.dir/__/lib/pico-sdk/src/rp2_common/pico_float/float_init_rom.c.obj
                0x200011c0                sf_table
 .bss.xQueueRegistry
                0x200012c0       0x40 CMakeFiles/c_rtos.dir/__/lib/FreeRTOS-Kernel/queue.c.obj
                0x200012c0                xQueueRegistry
 .bss.__atexit  0x20001300        0x4 /usr/lib/gcc/arm-none-eabi/14.2.0/../../../../arm-none-eabi/lib/thumb/v6-m/nofp/libc.a(libc_a-__call_atexit.o)
                0x20001300                __atexit
 .bss.__atexit0
                0x20001304      0x190 /usr/lib/gcc/arm-none-eabi/14.2.0/../../../../arm-none-eabi/lib/thumb/v6-m/nofp/libc.a(libc_a-__atexit.o)
                0x20001304                __atexit0
 .bss.__lock___atexit_recursive_mutex
                0x20001494        0x1 /usr/lib/gcc/arm-none-eabi/14.2.0/../../../../arm-none-eabi/lib/thumb/v6-m/nofp/libc.a(libc_a-lock.o)
                0x20001494                __lock___atexit_recursive_mutex
 *fill*         0x20001495        0x3 
 .bss._app_driver
                0x20001498        0x4 CMakeFiles/c_rtos.dir/__/lib/pico-sdk/lib/tinyusb/src/device/usbd.c.obj
 .bss._cdcd_itf
                0x2000149c      0x2c8 CMakeFiles/c_rtos.dir/__/lib/pico-sdk/lib/tinyusb/src/class/cdc/cdc_device.c.obj
 .bss._ctrl_xfer
                0x20001764       0x14 CMakeFiles/c_rtos.dir/__/lib/pico-sdk/lib/tinyusb/src/device/usbd_control.c.obj
 .bss._ubsd_mutexdef
                0x20001778        0x8 CMakeFiles/c_rtos.dir/__/lib/pico-sdk/lib/tinyusb/src/device/usbd.c.obj
 .bss._usbd_ctrl_buf
                0x20001780       0x40 CMakeFiles/c_rtos.dir/__/lib/pico-sdk/lib/tinyusb/src/device/usbd_control.c.obj
 .bss._usbd_dev
                0x200017c0       0x53 CMakeFiles/c_rtos.dir/__/lib/pico-sdk/lib/tinyusb/src/device/usbd.c.obj
 *fill*         0x20001813        0x1 
 .bss._usbd_mutex
                0x20001814        0x4 CMakeFiles/c_rtos.dir/__/lib/pico-sdk/lib/tinyusb/src/device/usbd.c.obj
 .bss._usbd_q   0x20001818        0x4 CMakeFiles/c_rtos.dir/__/lib/pico-sdk/lib/tinyusb/src/device/usbd.c.obj
 .bss._usbd_qdef_buf
                0x2000181c       0xc0 CMakeFiles/c_rtos.dir/__/lib/pico-sdk/lib/tinyusb/src/device/usbd.c.obj
                0x2000181c                _usbd_qdef_buf
 .bss.alarm_callbacks
                0x200018dc       0x10 CMakeFiles/c_rtos.dir/__/lib/pico-sdk/src/rp2_common/hardware_timer/timer.c.obj
 .bss.boot2_copyout
                0x200018ec      0x100 CMakeFiles/c_rtos.dir/__/lib/pico-sdk/src/rp2_common/hardware_flash/flash.c.obj
 .bss.chars_available_callback
                0x200019ec        0x4 CMakeFiles/c_rtos.dir/__/lib/pico-sdk/src/rp2_common/pico_stdio_uart/stdio_uart.c.obj
 .bss.chars_available_callback
                0x200019f0        0x4 CMakeFiles/c_rtos.dir/__/lib/pico-sdk/src/rp2_common/pico_stdio_usb/stdio_usb.c.obj
 .bss.chars_available_param
                0x200019f4        0x4 CMakeFiles/c_rtos.dir/__/lib/pico-sdk/src/rp2_common/pico_stdio_uart/stdio_uart.c.obj
 .bss.chars_available_param
                0x200019f8        0x4 CMakeFiles/c_rtos.dir/__/lib/pico-sdk/src/rp2_common/pico_stdio_usb/stdio_usb.c.obj
 .bss.claimed   0x200019fc        0x4 CMakeFiles/c_rtos.dir/__/lib/pico-sdk/src/rp2_common/hardware_sync/sync.c.obj
 .bss.default_alarm_pool_entry_ids_high
                0x20001a00       0x10 CMakeFiles/c_rtos.dir/__/lib/pico-sdk/src/common/pico_time/time.c.obj
 .bss.default_alarm_pool_heap_nodes
                0x20001a10       0x30 CMakeFiles/c_rtos.dir/__/lib/pico-sdk/src/common/pico_time/time.c.obj
 .bss.desc_str.0
                0x20001a40       0x28 CMakeFiles/c_rtos.dir/__/lib/pico-sdk/src/rp2_common/pico_stdio_usb/stdio_usb_descriptors.c.obj
 .bss.drivers   0x20001a68        0x4 CMakeFiles/c_rtos.dir/__/lib/pico-sdk/src/rp2_common/pico_stdio/stdio.c.obj
 .bss.e15_last_sof
                0x20001a6c        0x4 CMakeFiles/c_rtos.dir/__/lib/pico-sdk/lib/tinyusb/src/portable/raspberrypi/rp2040/rp2040_usb.c.obj
                0x20001a6c                e15_last_sof
 .bss.filter    0x20001a70        0x4 CMakeFiles/c_rtos.dir/__/lib/pico-sdk/src/rp2_common/pico_stdio/stdio.c.obj
 .bss.hw_endpoints
                0x20001a74      0x400 CMakeFiles/c_rtos.dir/__/lib/pico-sdk/lib/tinyusb/src/portable/raspberrypi/rp2040/dcd_rp2040.c.obj
 .bss.lazy_vsnprintf
                0x20001e74        0x4 CMakeFiles/c_rtos.dir/__/lib/pico-sdk/src/rp2_common/pico_printf/printf.c.obj
 .bss.load_value
                0x20001e78        0x4 CMakeFiles/c_rtos.dir/__/lib/pico-sdk/src/rp2_common/hardware_watchdog/watchdog.c.obj
 .bss.next_buffer_ptr
                0x20001e7c        0x4 CMakeFiles/c_rtos.dir/__/lib/pico-sdk/lib/tinyusb/src/portable/raspberrypi/rp2040/dcd_rp2040.c.obj
 .bss.object.0  0x20001e80       0x18 /usr/lib/gcc/arm-none-eabi/14.2.0/thumb/v6-m/nofp/crtbegin.o
 .bss.one_shot_timer_crit_sec
                0x20001e98        0x8 CMakeFiles/c_rtos.dir/__/lib/pico-sdk/src/rp2_common/pico_stdio_usb/stdio_usb.c.obj
 .bss.pools     0x20001ea0       0x10 CMakeFiles/c_rtos.dir/__/lib/pico-sdk/src/common/pico_time/time.c.obj
 .bss.pxCrossCoreSpinLock
                0x20001eb0        0x4 CMakeFiles/c_rtos.dir/__/lib/FreeRTOS-Kernel/portable/ThirdParty/GCC/RP2040/port.c.obj
 .bss.pxCurrentTCB
                0x20001eb4        0x4 CMakeFiles/c_rtos.dir/__/lib/FreeRTOS-Kernel/tasks.c.obj
                0x20001eb4                pxCurrentTCB
 .bss.pxCurrentTimerList
                0x20001eb8        0x4 CMakeFiles/c_rtos.dir/__/lib/FreeRTOS-Kernel/timers.c.obj
 .bss.pxDelayedTaskList
                0x20001ebc        0x4 CMakeFiles/c_rtos.dir/__/lib/FreeRTOS-Kernel/tasks.c.obj
 .bss.pxEnd     0x20001ec0        0x4 CMakeFiles/c_rtos.dir/__/lib/FreeRTOS-Kernel/portable/MemMang/heap_4.c.obj
 .bss.pxOverflowDelayedTaskList
                0x20001ec4        0x4 CMakeFiles/c_rtos.dir/__/lib/FreeRTOS-Kernel/tasks.c.obj
 .bss.pxOverflowTimerList
                0x20001ec8        0x4 CMakeFiles/c_rtos.dir/__/lib/FreeRTOS-Kernel/timers.c.obj
 .bss.pxReadyTasksLists
                0x20001ecc      0x280 CMakeFiles/c_rtos.dir/__/lib/FreeRTOS-Kernel/tasks.c.obj
 .bss.pxYieldSpinLock
                0x2000214c        0x4 CMakeFiles/c_rtos.dir/__/lib/FreeRTOS-Kernel/portable/ThirdParty/GCC/RP2040/port.c.obj
 .bss.retrieved_id
                0x20002150        0x8 CMakeFiles/c_rtos.dir/__/lib/pico-sdk/src/rp2_common/pico_unique_id/unique_id.c.obj
 .bss.sf_clz_func
                0x20002158        0x4 CMakeFiles/c_rtos.dir/__/lib/pico-sdk/src/rp2_common/pico_double/double_init_rom.c.obj
                0x20002158                sf_clz_func
 .bss.sleep_notifier
                0x2000215c        0x4 CMakeFiles/c_rtos.dir/__/lib/pico-sdk/src/common/pico_time/time.c.obj
 .bss.stdio_usb_mutex
                0x20002160        0x8 CMakeFiles/c_rtos.dir/__/lib/pico-sdk/src/rp2_common/pico_stdio_usb/stdio_usb.c.obj
 .bss.target_hi
                0x20002168       0x10 CMakeFiles/c_rtos.dir/__/lib/pico-sdk/src/rp2_common/hardware_timer/timer.c.obj
 .bss.uart_char_to_line_feed
                0x20002178        0x4 CMakeFiles/c_rtos.dir/__/lib/pico-sdk/src/rp2_common/hardware_uart/uart.c.obj
                0x20002178                uart_char_to_line_feed
 .bss.uart_instance
                0x2000217c        0x4 CMakeFiles/c_rtos.dir/__/lib/pico-sdk/src/rp2_common/pico_stdio_uart/stdio_uart.c.obj
 .bss.ucHeap    0x20002180    0x20000 CMakeFiles/c_rtos.dir/__/lib/FreeRTOS-Kernel/portable/MemMang/heap_4.c.obj
 .bss.ulYieldSpinLockSaveValue
                0x20022180        0x4 CMakeFiles/c_rtos.dir/__/lib/FreeRTOS-Kernel/portable/ThirdParty/GCC/RP2040/port.c.obj
 .bss.usbd_serial_str
                0x20022184       0x11 CMakeFiles/c_rtos.dir/__/lib/pico-sdk/src/rp2_common/pico_stdio_usb/stdio_usb_descriptors.c.obj
 *fill*         0x20022195        0x3 
 .bss.uxCriticalNesting
                0x20022198        0x4 CMakeFiles/c_rtos.dir/__/lib/FreeRTOS-Kernel/portable/ThirdParty/GCC/RP2040/port.c.obj
 .bss.uxCrossCoreEventBits
                0x2002219c        0x4 CMakeFiles/c_rtos.dir/__/lib/FreeRTOS-Kernel/portable/ThirdParty/GCC/RP2040/port.c.obj
 .bss.uxCurrentNumberOfTasks
                0x200221a0        0x4 CMakeFiles/c_rtos.dir/__/lib/FreeRTOS-Kernel/tasks.c.obj
 .bss.uxDeletedTasksWaitingCleanUp
                0x200221a4        0x4 CMakeFiles/c_rtos.dir/__/lib/FreeRTOS-Kernel/tasks.c.obj
 .bss.uxSchedulerSuspended
                0x200221a8        0x4 CMakeFiles/c_rtos.dir/__/lib/FreeRTOS-Kernel/tasks.c.obj
 .bss.uxTaskNumber
                0x200221ac        0x4 CMakeFiles/c_rtos.dir/__/lib/FreeRTOS-Kernel/tasks.c.obj
 .bss.uxTopReadyPriority
                0x200221b0        0x4 CMakeFiles/c_rtos.dir/__/lib/FreeRTOS-Kernel/tasks.c.obj
 .bss.xActiveTimerList1
                0x200221b4       0x14 CMakeFiles/c_rtos.dir/__/lib/FreeRTOS-Kernel/timers.c.obj
 .bss.xActiveTimerList2
                0x200221c8       0x14 CMakeFiles/c_rtos.dir/__/lib/FreeRTOS-Kernel/timers.c.obj
 .bss.xDelayedTaskList1
                0x200221dc       0x14 CMakeFiles/c_rtos.dir/__/lib/FreeRTOS-Kernel/tasks.c.obj
 .bss.xDelayedTaskList2
                0x200221f0       0x14 CMakeFiles/c_rtos.dir/__/lib/FreeRTOS-Kernel/tasks.c.obj
 .bss.xEventGroup
                0x20022204        0x4 CMakeFiles/c_rtos.dir/__/lib/FreeRTOS-Kernel/portable/ThirdParty/GCC/RP2040/port.c.obj
 .bss.xFreeBytesRemaining
                0x20022208        0x4 CMakeFiles/c_rtos.dir/__/lib/FreeRTOS-Kernel/portable/MemMang/heap_4.c.obj
 .bss.xIdleTaskHandles
                0x2002220c        0x4 CMakeFiles/c_rtos.dir/__/lib/FreeRTOS-Kernel/tasks.c.obj
 .bss.xLastTime.0
                0x20022210        0x4 CMakeFiles/c_rtos.dir/__/lib/FreeRTOS-Kernel/timers.c.obj
 .bss.xMinimumEverFreeBytesRemaining
                0x20022214        0x4 CMakeFiles/c_rtos.dir/__/lib/FreeRTOS-Kernel/portable/MemMang/heap_4.c.obj
 .bss.xNextTaskUnblockTime
                0x20022218        0x4 CMakeFiles/c_rtos.dir/__/lib/FreeRTOS-Kernel/tasks.c.obj
 .bss.xNumOfOverflows
                0x2002221c        0x4 CMakeFiles/c_rtos.dir/__/lib/FreeRTOS-Kernel/tasks.c.obj
 .bss.xNumberOfSuccessfulAllocations
                0x20022220        0x4 CMakeFiles/c_rtos.dir/__/lib/FreeRTOS-Kernel/portable/MemMang/heap_4.c.obj
 .bss.xNumberOfSuccessfulFrees
                0x20022224        0x4 CMakeFiles/c_rtos.dir/__/lib/FreeRTOS-Kernel/portable/MemMang/heap_4.c.obj
 .bss.xPendedTicks
                0x20022228        0x4 CMakeFiles/c_rtos.dir/__/lib/FreeRTOS-Kernel/tasks.c.obj
 .bss.xPendingReadyList
                0x2002222c       0x14 CMakeFiles/c_rtos.dir/__/lib/FreeRTOS-Kernel/tasks.c.obj
 .bss.xSchedulerRunning
                0x20022240        0x4 CMakeFiles/c_rtos.dir/__/lib/FreeRTOS-Kernel/tasks.c.obj
 .bss.xStart    0x20022244        0x8 CMakeFiles/c_rtos.dir/__/lib/FreeRTOS-Kernel/portable/MemMang/heap_4.c.obj
 .bss.xSuspendedTaskList
                0x2002224c       0x14 CMakeFiles/c_rtos.dir/__/lib/FreeRTOS-Kernel/tasks.c.obj
 .bss.xTasksWaitingTermination
                0x20022260       0x14 CMakeFiles/c_rtos.dir/__/lib/FreeRTOS-Kernel/tasks.c.obj
 .bss.xTickCount
                0x20022274        0x4 CMakeFiles/c_rtos.dir/__/lib/FreeRTOS-Kernel/tasks.c.obj
 .bss.xTimerQueue
                0x20022278        0x4 CMakeFiles/c_rtos.dir/__/lib/FreeRTOS-Kernel/timers.c.obj
 .bss.xTimerTaskHandle
                0x2002227c        0x4 CMakeFiles/c_rtos.dir/__/lib/FreeRTOS-Kernel/timers.c.obj
 .bss.xYieldPendings
                0x20022280        0x4 CMakeFiles/c_rtos.dir/__/lib/FreeRTOS-Kernel/tasks.c.obj
 .bss._app_driver_count
                0x20022284        0x1 CMakeFiles/c_rtos.dir/__/lib/pico-sdk/lib/tinyusb/src/device/usbd.c.obj
 .bss._sof_enable
                0x20022285        0x1 CMakeFiles/c_rtos.dir/__/lib/pico-sdk/lib/tinyusb/src/portable/raspberrypi/rp2040/dcd_rp2040.c.obj
 .bss.boot2_copyout_valid
                0x20022286        0x1 CMakeFiles/c_rtos.dir/__/lib/pico-sdk/src/rp2_common/hardware_flash/flash.c.obj
 .bss.claimed   0x20022287        0x1 CMakeFiles/c_rtos.dir/__/lib/pico-sdk/src/rp2_common/hardware_timer/timer.c.obj
 .bss.irq_hander_chain_free_slot_head
                0x20022288        0x1 CMakeFiles/c_rtos.dir/__/lib/pico-sdk/src/rp2_common/hardware_irq/irq.c.obj
 .bss.itf_num   0x20022289        0x1 CMakeFiles/c_rtos.dir/__/lib/pico-sdk/src/rp2_common/pico_stdio_usb/reset_interface.c.obj
 .bss.low_priority_irq_num
                0x2002228a        0x1 CMakeFiles/c_rtos.dir/__/lib/pico-sdk/src/rp2_common/pico_stdio_usb/stdio_usb.c.obj
 .bss.one_shot_timer_pending
                0x2002228b        0x1 CMakeFiles/c_rtos.dir/__/lib/pico-sdk/src/rp2_common/pico_stdio_usb/stdio_usb.c.obj
 .bss.timer_callbacks_pending
                0x2002228c        0x1 CMakeFiles/c_rtos.dir/__/lib/pico-sdk/src/rp2_common/hardware_timer/timer.c.obj
 .bss.user_irq_claimed
                0x2002228d        0x1 CMakeFiles/c_rtos.dir/__/lib/pico-sdk/src/rp2_common/hardware_irq/irq.c.obj
 *(COMMON)
                0x20022290                        . = ALIGN (0x4)
 *fill*         0x2002228e        0x2 
                0x20022290                        __bss_end__ = .

.heap           0x20022290      0x800
                0x20022290                        __end__ = .
                0x20022290                        end = __end__
 *(.heap*)
 .heap          0x20022290      0x800 CMakeFiles/c_rtos.dir/__/lib/pico-sdk/src/rp2_common/pico_standard_link/crt0.S.obj
                0x20022a90                        __HeapLimit = .

.stack1_dummy   0x20040000      0x800
 *(.stack1*)
 .stack1        0x20040000      0x800 CMakeFiles/c_rtos.dir/__/lib/pico-sdk/src/rp2_common/pico_multicore/multicore.c.obj

.stack_dummy    0x20041000      0x800
 *(.stack*)
 .stack         0x20041000      0x800 CMakeFiles/c_rtos.dir/__/lib/pico-sdk/src/rp2_common/pico_standard_link/crt0.S.obj

.flash_end      0x100081e8        0x0
                0x100081e8                        PROVIDE (__flash_binary_end = .)
                0x20040000                        __StackLimit = (ORIGIN (RAM) + LENGTH (RAM))
                0x20041000                        __StackOneTop = (ORIGIN (SCRATCH_X) + LENGTH (SCRATCH_X))
                0x20042000                        __StackTop = (ORIGIN (SCRATCH_Y) + LENGTH (SCRATCH_Y))
                0x20040800                        __StackOneBottom = (__StackOneTop - SIZEOF (.stack1_dummy))
                0x20041800                        __StackBottom = (__StackTop - SIZEOF (.stack_dummy))
                0x20042000                        PROVIDE (__stack = __StackTop)
                0x00000001                        ASSERT ((__StackLimit >= __HeapLimit), region RAM overflowed)
                0x00000001                        ASSERT (((__binary_info_header_end - __logical_binary_start) <= 0x100), Binary info must be in first 256 bytes of the binary)
LOAD CMakeFiles/c_rtos.dir/main.c.obj
LOAD CMakeFiles/c_rtos.dir/__/lib/pico-sdk/src/rp2_common/hardware_spi/spi.c.obj
LOAD CMakeFiles/c_rtos.dir/__/lib/pico-sdk/src/rp2_common/pico_platform/platform.c.obj
LOAD CMakeFiles/c_rtos.dir/__/lib/pico-sdk/src/rp2_common/hardware_claim/claim.c.obj
LOAD CMakeFiles/c_rtos.dir/__/lib/pico-sdk/src/rp2_common/hardware_sync/sync.c.obj
LOAD CMakeFiles/c_rtos.dir/__/lib/pico-sdk/src/rp2_common/hardware_clocks/clocks.c.obj
LOAD CMakeFiles/c_rtos.dir/__/lib/pico-sdk/src/rp2_common/hardware_gpio/gpio.c.obj
LOAD CMakeFiles/c_rtos.dir/__/lib/pico-sdk/src/rp2_common/hardware_irq/irq.c.obj
LOAD CMakeFiles/c_rtos.dir/__/lib/pico-sdk/src/rp2_common/hardware_irq/irq_handler_chain.S.obj
LOAD CMakeFiles/c_rtos.dir/__/lib/pico-sdk/src/common/pico_sync/sem.c.obj
LOAD CMakeFiles/c_rtos.dir/__/lib/pico-sdk/src/common/pico_sync/lock_core.c.obj
LOAD CMakeFiles/c_rtos.dir/__/lib/pico-sdk/src/common/pico_sync/mutex.c.obj
LOAD CMakeFiles/c_rtos.dir/__/lib/pico-sdk/src/common/pico_sync/critical_section.c.obj
LOAD CMakeFiles/c_rtos.dir/__/lib/pico-sdk/src/common/pico_time/time.c.obj
LOAD CMakeFiles/c_rtos.dir/__/lib/pico-sdk/src/common/pico_time/timeout_helper.c.obj
LOAD CMakeFiles/c_rtos.dir/__/lib/pico-sdk/src/rp2_common/hardware_timer/timer.c.obj
LOAD CMakeFiles/c_rtos.dir/__/lib/pico-sdk/src/common/pico_util/datetime.c.obj
LOAD CMakeFiles/c_rtos.dir/__/lib/pico-sdk/src/common/pico_util/pheap.c.obj
LOAD CMakeFiles/c_rtos.dir/__/lib/pico-sdk/src/common/pico_util/queue.c.obj
LOAD CMakeFiles/c_rtos.dir/__/lib/pico-sdk/src/rp2_common/hardware_pll/pll.c.obj
LOAD CMakeFiles/c_rtos.dir/__/lib/pico-sdk/src/rp2_common/hardware_vreg/vreg.c.obj
LOAD CMakeFiles/c_rtos.dir/__/lib/pico-sdk/src/rp2_common/hardware_watchdog/watchdog.c.obj
LOAD CMakeFiles/c_rtos.dir/__/lib/pico-sdk/src/rp2_common/hardware_xosc/xosc.c.obj
LOAD CMakeFiles/c_rtos.dir/__/lib/pico-sdk/src/rp2_common/hardware_i2c/i2c.c.obj
LOAD CMakeFiles/c_rtos.dir/__/lib/pico-sdk/src/rp2_common/pico_stdlib/stdlib.c.obj
LOAD CMakeFiles/c_rtos.dir/__/lib/pico-sdk/src/rp2_common/hardware_uart/uart.c.obj
LOAD CMakeFiles/c_rtos.dir/__/lib/pico-sdk/src/rp2_common/hardware_divider/divider.S.obj
LOAD CMakeFiles/c_rtos.dir/__/lib/pico-sdk/src/rp2_common/pico_runtime/runtime.c.obj
LOAD CMakeFiles/c_rtos.dir/__/lib/pico-sdk/src/rp2_common/pico_printf/printf.c.obj
LOAD CMakeFiles/c_rtos.dir/__/lib/pico-sdk/src/rp2_common/pico_bit_ops/bit_ops_aeabi.S.obj
LOAD CMakeFiles/c_rtos.dir/__/lib/pico-sdk/src/rp2_common/pico_bootrom/bootrom.c.obj
LOAD CMakeFiles/c_rtos.dir/__/lib/pico-sdk/src/rp2_common/pico_divider/divider.S.obj
LOAD CMakeFiles/c_rtos.dir/__/lib/pico-sdk/src/rp2_common/pico_double/double_aeabi.S.obj
LOAD CMakeFiles/c_rtos.dir/__/lib/pico-sdk/src/rp2_common/pico_double/double_init_rom.c.obj
LOAD CMakeFiles/c_rtos.dir/__/lib/pico-sdk/src/rp2_common/pico_double/double_math.c.obj
LOAD CMakeFiles/c_rtos.dir/__/lib/pico-sdk/src/rp2_common/pico_double/double_v1_rom_shim.S.obj
LOAD CMakeFiles/c_rtos.dir/__/lib/pico-sdk/src/rp2_common/pico_int64_ops/pico_int64_ops_aeabi.S.obj
LOAD CMakeFiles/c_rtos.dir/__/lib/pico-sdk/src/rp2_common/pico_float/float_aeabi.S.obj
LOAD CMakeFiles/c_rtos.dir/__/lib/pico-sdk/src/rp2_common/pico_float/float_init_rom.c.obj
LOAD CMakeFiles/c_rtos.dir/__/lib/pico-sdk/src/rp2_common/pico_float/float_math.c.obj
LOAD CMakeFiles/c_rtos.dir/__/lib/pico-sdk/src/rp2_common/pico_float/float_v1_rom_shim.S.obj
LOAD CMakeFiles/c_rtos.dir/__/lib/pico-sdk/src/rp2_common/pico_malloc/pico_malloc.c.obj
LOAD CMakeFiles/c_rtos.dir/__/lib/pico-sdk/src/rp2_common/pico_mem_ops/mem_ops_aeabi.S.obj
LOAD CMakeFiles/c_rtos.dir/__/lib/pico-sdk/src/rp2_common/pico_standard_link/crt0.S.obj
LOAD CMakeFiles/c_rtos.dir/__/lib/pico-sdk/src/rp2_common/pico_standard_link/new_delete.cpp.obj
LOAD CMakeFiles/c_rtos.dir/__/lib/pico-sdk/src/rp2_common/pico_standard_link/binary_info.c.obj
LOAD CMakeFiles/c_rtos.dir/__/lib/pico-sdk/src/rp2_common/pico_stdio/stdio.c.obj
LOAD CMakeFiles/c_rtos.dir/__/lib/pico-sdk/src/rp2_common/pico_stdio_uart/stdio_uart.c.obj
LOAD CMakeFiles/c_rtos.dir/__/lib/pico-sdk/src/rp2_common/pico_stdio_usb/reset_interface.c.obj
LOAD CMakeFiles/c_rtos.dir/__/lib/pico-sdk/src/rp2_common/pico_stdio_usb/stdio_usb.c.obj
LOAD CMakeFiles/c_rtos.dir/__/lib/pico-sdk/src/rp2_common/pico_stdio_usb/stdio_usb_descriptors.c.obj
LOAD CMakeFiles/c_rtos.dir/__/lib/pico-sdk/src/rp2_common/pico_unique_id/unique_id.c.obj
LOAD CMakeFiles/c_rtos.dir/__/lib/pico-sdk/src/rp2_common/hardware_flash/flash.c.obj
LOAD CMakeFiles/c_rtos.dir/__/lib/pico-sdk/lib/tinyusb/src/portable/raspberrypi/rp2040/dcd_rp2040.c.obj
LOAD CMakeFiles/c_rtos.dir/__/lib/pico-sdk/lib/tinyusb/src/portable/raspberrypi/rp2040/rp2040_usb.c.obj
LOAD CMakeFiles/c_rtos.dir/__/lib/pico-sdk/lib/tinyusb/src/device/usbd.c.obj
LOAD CMakeFiles/c_rtos.dir/__/lib/pico-sdk/lib/tinyusb/src/device/usbd_control.c.obj
LOAD CMakeFiles/c_rtos.dir/__/lib/pico-sdk/lib/tinyusb/src/class/audio/audio_device.c.obj
LOAD CMakeFiles/c_rtos.dir/__/lib/pico-sdk/lib/tinyusb/src/class/cdc/cdc_device.c.obj
LOAD CMakeFiles/c_rtos.dir/__/lib/pico-sdk/lib/tinyusb/src/class/dfu/dfu_device.c.obj
LOAD CMakeFiles/c_rtos.dir/__/lib/pico-sdk/lib/tinyusb/src/class/dfu/dfu_rt_device.c.obj
LOAD CMakeFiles/c_rtos.dir/__/lib/pico-sdk/lib/tinyusb/src/class/hid/hid_device.c.obj
LOAD CMakeFiles/c_rtos.dir/__/lib/pico-sdk/lib/tinyusb/src/class/midi/midi_device.c.obj
LOAD CMakeFiles/c_rtos.dir/__/lib/pico-sdk/lib/tinyusb/src/class/msc/msc_device.c.obj
LOAD CMakeFiles/c_rtos.dir/__/lib/pico-sdk/lib/tinyusb/src/class/net/ecm_rndis_device.c.obj
LOAD CMakeFiles/c_rtos.dir/__/lib/pico-sdk/lib/tinyusb/src/class/net/ncm_device.c.obj
LOAD CMakeFiles/c_rtos.dir/__/lib/pico-sdk/lib/tinyusb/src/class/usbtmc/usbtmc_device.c.obj
LOAD CMakeFiles/c_rtos.dir/__/lib/pico-sdk/lib/tinyusb/src/class/vendor/vendor_device.c.obj
LOAD CMakeFiles/c_rtos.dir/__/lib/pico-sdk/lib/tinyusb/src/class/video/video_device.c.obj
LOAD CMakeFiles/c_rtos.dir/__/lib/pico-sdk/lib/tinyusb/src/tusb.c.obj
LOAD CMakeFiles/c_rtos.dir/__/lib/pico-sdk/lib/tinyusb/src/common/tusb_fifo.c.obj
LOAD CMakeFiles/c_rtos.dir/__/lib/pico-sdk/src/rp2_common/pico_fix/rp2040_usb_device_enumeration/rp2040_usb_device_enumeration.c.obj
LOAD CMakeFiles/c_rtos.dir/__/lib/FreeRTOS-Kernel/portable/MemMang/heap_4.c.obj
LOAD CMakeFiles/c_rtos.dir/__/lib/FreeRTOS-Kernel/portable/ThirdParty/GCC/RP2040/port.c.obj
LOAD CMakeFiles/c_rtos.dir/__/lib/FreeRTOS-Kernel/croutine.c.obj
LOAD CMakeFiles/c_rtos.dir/__/lib/FreeRTOS-Kernel/event_groups.c.obj
LOAD CMakeFiles/c_rtos.dir/__/lib/FreeRTOS-Kernel/list.c.obj
LOAD CMakeFiles/c_rtos.dir/__/lib/FreeRTOS-Kernel/queue.c.obj
LOAD CMakeFiles/c_rtos.dir/__/lib/FreeRTOS-Kernel/stream_buffer.c.obj
LOAD CMakeFiles/c_rtos.dir/__/lib/FreeRTOS-Kernel/tasks.c.obj
LOAD CMakeFiles/c_rtos.dir/__/lib/FreeRTOS-Kernel/timers.c.obj
LOAD CMakeFiles/c_rtos.dir/__/lib/pico-sdk/src/rp2_common/hardware_exception/exception.c.obj
LOAD CMakeFiles/c_rtos.dir/__/lib/pico-sdk/src/rp2_common/pico_multicore/multicore.c.obj
LOAD /tmp/ccc0o3r1.o
LOAD /usr/lib/gcc/arm-none-eabi/14.2.0/../../../../arm-none-eabi/lib/thumb/v6-m/nofp/libstdc++.a
LOAD /usr/lib/gcc/arm-none-eabi/14.2.0/../../../../arm-none-eabi/lib/thumb/v6-m/nofp/libm.a
START GROUP
LOAD /usr/lib/gcc/arm-none-eabi/14.2.0/thumb/v6-m/nofp/libgcc.a
LOAD /usr/lib/gcc/arm-none-eabi/14.2.0/../../../../arm-none-eabi/lib/thumb/v6-m/nofp/libc.a
END GROUP
START GROUP
LOAD /usr/lib/gcc/arm-none-eabi/14.2.0/thumb/v6-m/nofp/libgcc.a
LOAD /usr/lib/gcc/arm-none-eabi/14.2.0/../../../../arm-none-eabi/lib/thumb/v6-m/nofp/libc.a
LOAD /usr/lib/gcc/arm-none-eabi/14.2.0/../../../../arm-none-eabi/lib/thumb/v6-m/nofp/libnosys.a
END GROUP
LOAD /usr/lib/gcc/arm-none-eabi/14.2.0/thumb/v6-m/nofp/crtend.o
LOAD /usr/lib/gcc/arm-none-eabi/14.2.0/thumb/v6-m/nofp/crtn.o
OUTPUT(c_rtos.elf elf32-littlearm)
LOAD linker stubs

.ARM.attributes
                0x00000000       0x28
 .ARM.attributes
                0x00000000       0x1e /usr/lib/gcc/arm-none-eabi/14.2.0/thumb/v6-m/nofp/crti.o
 .ARM.attributes
                0x0000001e       0x2c /usr/lib/gcc/arm-none-eabi/14.2.0/thumb/v6-m/nofp/crtbegin.o
 .ARM.attributes
                0x0000004a       0x2c CMakeFiles/c_rtos.dir/main.c.obj
 .ARM.attributes
                0x00000076       0x2c CMakeFiles/c_rtos.dir/__/lib/pico-sdk/src/rp2_common/pico_platform/platform.c.obj
 .ARM.attributes
                0x000000a2       0x2c CMakeFiles/c_rtos.dir/__/lib/pico-sdk/src/rp2_common/hardware_claim/claim.c.obj
 .ARM.attributes
                0x000000ce       0x2c CMakeFiles/c_rtos.dir/__/lib/pico-sdk/src/rp2_common/hardware_sync/sync.c.obj
 .ARM.attributes
                0x000000fa       0x2c CMakeFiles/c_rtos.dir/__/lib/pico-sdk/src/rp2_common/hardware_clocks/clocks.c.obj
 .ARM.attributes